Archive member included to satisfy reference by file (symbol)

/usr/lib/x86_64-linux-gnu/libc_nonshared.a(elf-init.oS)
                              /usr/lib/gcc/x86_64-linux-gnu/9/../../../x86_64-linux-gnu/Scrt1.o (__libc_csu_init)

Merging program properties


As-needed library included to satisfy reference by file (symbol)

libstdc++.so.6                ./obj/TestW.o (std::__cxx11::basic_string<wchar_t, std::char_traits<wchar_t>, std::allocator<wchar_t> >::_M_dispose()@@GLIBCXX_3.4.21)
libJSONLib.so                 ./obj/TEST.o (json::utf8::JSONObject::JSONObject())
libgcc_s.so.1                 ./obj/main.o (_Unwind_Resume@@GCC_3.0)
libc.so.6                     ./obj/main.o (__stack_chk_fail@@GLIBC_2.4)

Discarded input sections

 .note.GNU-stack
                0x0000000000000000        0x0 /usr/lib/gcc/x86_64-linux-gnu/9/../../../x86_64-linux-gnu/Scrt1.o
 .note.gnu.property
                0x0000000000000000       0x20 /usr/lib/gcc/x86_64-linux-gnu/9/../../../x86_64-linux-gnu/crti.o
 .note.GNU-stack
                0x0000000000000000        0x0 /usr/lib/gcc/x86_64-linux-gnu/9/../../../x86_64-linux-gnu/crti.o
 .note.GNU-stack
                0x0000000000000000        0x0 /usr/lib/gcc/x86_64-linux-gnu/9/crtbeginS.o
 .note.gnu.property
                0x0000000000000000       0x20 /usr/lib/gcc/x86_64-linux-gnu/9/crtbeginS.o
 .group         0x0000000000000000        0xc ./obj/main.o
 .group         0x0000000000000000        0x8 ./obj/main.o
 .group         0x0000000000000000        0xc ./obj/main.o
 .group         0x0000000000000000        0xc ./obj/main.o
 .group         0x0000000000000000        0xc ./obj/main.o
 .group         0x0000000000000000        0xc ./obj/main.o
 .group         0x0000000000000000        0xc ./obj/main.o
 .group         0x0000000000000000        0xc ./obj/main.o
 .group         0x0000000000000000        0xc ./obj/main.o
 .group         0x0000000000000000        0x8 ./obj/main.o
 .group         0x0000000000000000        0x8 ./obj/main.o
 .group         0x0000000000000000        0x8 ./obj/main.o
 .group         0x0000000000000000        0xc ./obj/main.o
 .note.GNU-stack
                0x0000000000000000        0x0 ./obj/main.o
 .note.gnu.property
                0x0000000000000000       0x20 ./obj/main.o
 .group         0x0000000000000000        0x8 ./obj/TEST.o
 .group         0x0000000000000000        0x8 ./obj/TEST.o
 .group         0x0000000000000000        0xc ./obj/TEST.o
 .group         0x0000000000000000        0x8 ./obj/TEST.o
 .group         0x0000000000000000        0x8 ./obj/TEST.o
 .group         0x0000000000000000        0x8 ./obj/TEST.o
 .group         0x0000000000000000        0xc ./obj/TEST.o
 .group         0x0000000000000000        0x8 ./obj/TEST.o
 .group         0x0000000000000000        0xc ./obj/TEST.o
 .group         0x0000000000000000        0xc ./obj/TEST.o
 .group         0x0000000000000000        0xc ./obj/TEST.o
 .group         0x0000000000000000        0xc ./obj/TEST.o
 .group         0x0000000000000000        0x8 ./obj/TEST.o
 .group         0x0000000000000000        0xc ./obj/TEST.o
 .group         0x0000000000000000        0xc ./obj/TEST.o
 .group         0x0000000000000000        0xc ./obj/TEST.o
 .group         0x0000000000000000        0xc ./obj/TEST.o
 .group         0x0000000000000000        0xc ./obj/TEST.o
 .group         0x0000000000000000        0xc ./obj/TEST.o
 .group         0x0000000000000000        0xc ./obj/TEST.o
 .group         0x0000000000000000        0xc ./obj/TEST.o
 .group         0x0000000000000000        0xc ./obj/TEST.o
 .group         0x0000000000000000        0x8 ./obj/TEST.o
 .group         0x0000000000000000        0xc ./obj/TEST.o
 .group         0x0000000000000000        0x8 ./obj/TEST.o
 .group         0x0000000000000000        0xc ./obj/TEST.o
 .group         0x0000000000000000        0xc ./obj/TEST.o
 .group         0x0000000000000000        0xc ./obj/TEST.o
 .group         0x0000000000000000        0xc ./obj/TEST.o
 .group         0x0000000000000000        0xc ./obj/TEST.o
 .group         0x0000000000000000        0xc ./obj/TEST.o
 .group         0x0000000000000000        0x8 ./obj/TEST.o
 .group         0x0000000000000000        0xc ./obj/TEST.o
 .group         0x0000000000000000        0xc ./obj/TEST.o
 .group         0x0000000000000000        0xc ./obj/TEST.o
 .group         0x0000000000000000        0xc ./obj/TEST.o
 .group         0x0000000000000000        0x8 ./obj/TEST.o
 .group         0x0000000000000000        0x8 ./obj/TEST.o
 .group         0x0000000000000000        0xc ./obj/TEST.o
 .group         0x0000000000000000        0xc ./obj/TEST.o
 .group         0x0000000000000000        0x8 ./obj/TEST.o
 .group         0x0000000000000000        0xc ./obj/TEST.o
 .group         0x0000000000000000        0xc ./obj/TEST.o
 .group         0x0000000000000000        0x8 ./obj/TEST.o
 .group         0x0000000000000000        0xc ./obj/TEST.o
 .group         0x0000000000000000        0xc ./obj/TEST.o
[...]
Memory Configuration

Name             Origin             Length             Attributes
*default*        0x0000000000000000 0xffffffffffffffff

Linker script and memory map

LOAD /usr/lib/gcc/x86_64-linux-gnu/9/../../../x86_64-linux-gnu/Scrt1.o
LOAD /usr/lib/gcc/x86_64-linux-gnu/9/../../../x86_64-linux-gnu/crti.o
LOAD /usr/lib/gcc/x86_64-linux-gnu/9/crtbeginS.o
LOAD ./obj/main.o
LOAD ./obj/TEST.o
LOAD ./obj/TestW.o
LOAD /usr/lib/gcc/x86_64-linux-gnu/9/libstdc++.so
LOAD ./lib/libJSONLib.so
LOAD /usr/lib/gcc/x86_64-linux-gnu/9/libstdc++.so
LOAD /usr/lib/gcc/x86_64-linux-gnu/9/../../../x86_64-linux-gnu/libm.so
START GROUP
LOAD /lib/x86_64-linux-gnu/libm.so.6
LOAD /lib/x86_64-linux-gnu/libmvec.so.1
END GROUP
LOAD /usr/lib/gcc/x86_64-linux-gnu/9/libgcc_s.so
START GROUP
LOAD /usr/lib/gcc/x86_64-linux-gnu/9/../../../x86_64-linux-gnu/libgcc_s.so.1
LOAD /usr/lib/gcc/x86_64-linux-gnu/9/libgcc.a
END GROUP
LOAD /usr/lib/gcc/x86_64-linux-gnu/9/libgcc.a
LOAD /usr/lib/gcc/x86_64-linux-gnu/9/../../../x86_64-linux-gnu/libc.so
START GROUP
LOAD /lib/x86_64-linux-gnu/libc.so.6
LOAD /usr/lib/x86_64-linux-gnu/libc_nonshared.a
LOAD /lib/x86_64-linux-gnu/ld-linux-x86-64.so.2
END GROUP
LOAD /usr/lib/gcc/x86_64-linux-gnu/9/libgcc_s.so
START GROUP
LOAD /usr/lib/gcc/x86_64-linux-gnu/9/../../../x86_64-linux-gnu/libgcc_s.so.1
LOAD /usr/lib/gcc/x86_64-linux-gnu/9/libgcc.a
END GROUP
LOAD /usr/lib/gcc/x86_64-linux-gnu/9/libgcc.a
LOAD /usr/lib/gcc/x86_64-linux-gnu/9/crtendS.o
LOAD /usr/lib/gcc/x86_64-linux-gnu/9/../../../x86_64-linux-gnu/crtn.o
                [!provide]                        PROVIDE (__executable_start = SEGMENT_START ("text-segment", 0x0))
                0x0000000000000318                . = (SEGMENT_START ("text-segment", 0x0) + SIZEOF_HEADERS)

.interp         0x0000000000000318       0x1c
 *(.interp)
 .interp        0x0000000000000318       0x1c /usr/lib/gcc/x86_64-linux-gnu/9/../../../x86_64-linux-gnu/Scrt1.o

.note.gnu.property
                0x0000000000000338       0x20
 .note.gnu.property
                0x0000000000000338       0x20 /usr/lib/gcc/x86_64-linux-gnu/9/../../../x86_64-linux-gnu/Scrt1.o

.note.gnu.build-id
                0x0000000000000358       0x24
 *(.note.gnu.build-id)
 .note.gnu.build-id
                0x0000000000000358       0x24 /usr/lib/gcc/x86_64-linux-gnu/9/../../../x86_64-linux-gnu/Scrt1.o

.note.ABI-tag   0x000000000000037c       0x20
 .note.ABI-tag  0x000000000000037c       0x20 /usr/lib/gcc/x86_64-linux-gnu/9/../../../x86_64-linux-gnu/Scrt1.o

.hash
 *(.hash)

.gnu.hash       0x00000000000003a0      0xac0
 *(.gnu.hash)
 .gnu.hash      0x00000000000003a0      0xac0 /usr/lib/gcc/x86_64-linux-gnu/9/../../../x86_64-linux-gnu/Scrt1.o

.dynsym         0x0000000000000e60     0x2bb0
 *(.dynsym)
 .dynsym        0x0000000000000e60     0x2bb0 /usr/lib/gcc/x86_64-linux-gnu/9/../../../x86_64-linux-gnu/Scrt1.o

.dynstr         0x0000000000003a10     0xb34b
 *(.dynstr)
 .dynstr        0x0000000000003a10     0xb34b /usr/lib/gcc/x86_64-linux-gnu/9/../../../x86_64-linux-gnu/Scrt1.o

.gnu.version    0x000000000000ed5c      0x3a4
 *(.gnu.version)
 .gnu.version   0x000000000000ed5c      0x3a4 /usr/lib/gcc/x86_64-linux-gnu/9/../../../x86_64-linux-gnu/Scrt1.o

.gnu.version_d  0x000000000000f100        0x0
 *(.gnu.version_d)
 .gnu.version_d
                0x000000000000f100        0x0 /usr/lib/gcc/x86_64-linux-gnu/9/../../../x86_64-linux-gnu/Scrt1.o

.gnu.version_r  0x000000000000f100       0xa0
 *(.gnu.version_r)
 .gnu.version_r
                0x000000000000f100       0xa0 /usr/lib/gcc/x86_64-linux-gnu/9/../../../x86_64-linux-gnu/Scrt1.o

.rela.dyn       0x000000000000f1a0      0x1c8
 *(.rela.init)
 *(.rela.text .rela.text.* .rela.gnu.linkonce.t.*)
 .rela.text     0x000000000000f1a0        0x0 /usr/lib/gcc/x86_64-linux-gnu/9/../../../x86_64-linux-gnu/Scrt1.o
 *(.rela.fini)
 *(.rela.rodata .rela.rodata.* .rela.gnu.linkonce.r.*)
 *(.rela.data .rela.data.* .rela.gnu.linkonce.d.*)
 .rela.data.rel.ro
                0x000000000000f1a0        0x0 /usr/lib/gcc/x86_64-linux-gnu/9/../../../x86_64-linux-gnu/Scrt1.o
 .rela.data.rel.local
                0x000000000000f1a0       0x18 /usr/lib/gcc/x86_64-linux-gnu/9/../../../x86_64-linux-gnu/Scrt1.o
 .rela.data.rel.local.DW.ref.__gxx_personality_v0
                0x000000000000f1b8       0x18 /usr/lib/gcc/x86_64-linux-gnu/9/../../../x86_64-linux-gnu/Scrt1.o
 .rela.data.rel.local.DW.ref._ZTISt16invalid_argument
                0x000000000000f1d0       0x18 /usr/lib/gcc/x86_64-linux-gnu/9/../../../x86_64-linux-gnu/Scrt1.o
 *(.rela.tdata .rela.tdata.* .rela.gnu.linkonce.td.*)
 *(.rela.tbss .rela.tbss.* .rela.gnu.linkonce.tb.*)
 *(.rela.ctors)
 *(.rela.dtors)
 *(.rela.got)
 .rela.got      0x000000000000f1e8      0x108 /usr/lib/gcc/x86_64-linux-gnu/9/../../../x86_64-linux-gnu/Scrt1.o
 *(.rela.bss .rela.bss.* .rela.gnu.linkonce.b.*)
 .rela.bss      0x000000000000f2f0        0x0 /usr/lib/gcc/x86_64-linux-gnu/9/../../../x86_64-linux-gnu/Scrt1.o
 *(.rela.ldata .rela.ldata.* .rela.gnu.linkonce.l.*)
 *(.rela.lbss .rela.lbss.* .rela.gnu.linkonce.lb.*)
 *(.rela.lrodata .rela.lrodata.* .rela.gnu.linkonce.lr.*)
 *(.rela.ifunc)
 .rela.ifunc    0x000000000000f2f0        0x0 /usr/lib/gcc/x86_64-linux-gnu/9/../../../x86_64-linux-gnu/Scrt1.o
 .rela.fini_array
                0x000000000000f2f0       0x18 /usr/lib/gcc/x86_64-linux-gnu/9/../../../x86_64-linux-gnu/Scrt1.o
 .rela.init_array
                0x000000000000f308       0x60 /usr/lib/gcc/x86_64-linux-gnu/9/../../../x86_64-linux-gnu/Scrt1.o
 .rela.eh_frame
                0x000000000000f368        0x0 /usr/lib/gcc/x86_64-linux-gnu/9/../../../x86_64-linux-gnu/Scrt1.o
 .rela.gcc_except_table
                0x000000000000f368        0x0 /usr/lib/gcc/x86_64-linux-gnu/9/../../../x86_64-linux-gnu/Scrt1.o

.rela.plt       0x000000000000f368      0x918
 *(.rela.plt)
 .rela.plt      0x000000000000f368      0x918 /usr/lib/gcc/x86_64-linux-gnu/9/../../../x86_64-linux-gnu/Scrt1.o
 *(.rela.iplt)
                0x0000000000010000                . = ALIGN (CONSTANT (MAXPAGESIZE))

.init           0x0000000000010000       0x1b
 *(SORT_NONE(.init))
 .init          0x0000000000010000       0x16 /usr/lib/gcc/x86_64-linux-gnu/9/../../../x86_64-linux-gnu/crti.o
                0x0000000000010000                _init
 .init          0x0000000000010016        0x5 /usr/lib/gcc/x86_64-linux-gnu/9/../../../x86_64-linux-gnu/crtn.o

.plt            0x0000000000010020      0x620
 *(.plt)
 .plt           0x0000000000010020      0x620 /usr/lib/gcc/x86_64-linux-gnu/9/../../../x86_64-linux-gnu/Scrt1.o
 *(.iplt)

.plt.got        0x0000000000010640       0x20
 *(.plt.got)
 .plt.got       0x0000000000010640       0x20 /usr/lib/gcc/x86_64-linux-gnu/9/../../../x86_64-linux-gnu/Scrt1.o
                0x0000000000010640                __cxa_finalize@@GLIBC_2.2.5
                0x0000000000010650                std::__cxx11::basic_string<char, std::char_traits<char>, std::allocator<char> >::~basic_string()@@GLIBCXX_3.4.21

.plt.sec        0x0000000000010660      0x610
 *(.plt.sec)
 .plt.sec       0x0000000000010660      0x610 /usr/lib/gcc/x86_64-linux-gnu/9/../../../x86_64-linux-gnu/Scrt1.o
                0x0000000000010660                std::allocator<char>::~allocator()@@GLIBCXX_3.4
                0x0000000000010670                std::basic_ostream<wchar_t, std::char_traits<wchar_t> >& std::operator<< <wchar_t, std::char_traits<wchar_t> >(std::basic_ostream<wchar_t, std::char_traits<wchar_t> >&, char const*)@@GLIBCXX_3.4
                0x0000000000010680                json::utf8::JSONObject::numValue()
                0x0000000000010690                json::wide::JSONObject::~JSONObject()
                0x00000000000106a0                json::utf8::JSONObject::operator=(int)
                0x00000000000106b0                std::__cxx11::basic_string<wchar_t, std::char_traits<wchar_t>, std::allocator<wchar_t> >::_M_data(wchar_t*)@@GLIBCXX_3.4.21
                0x00000000000106c0                json::utf8::JSONObject::JSONObject()
                0x00000000000106d0                std::__cxx11::basic_ostringstream<char, std::char_traits<char>, std::allocator<char> >::~basic_ostringstream()@@GLIBCXX_3.4.21
                0x00000000000106e0                json::utf8::JSONObject::boolValue()
                0x00000000000106f0                json::wide::JSONObject::type()
                0x0000000000010700                std::__cxx11::basic_stringstream<wchar_t, std::char_traits<wchar_t>, std::allocator<wchar_t> >::basic_stringstream()@@GLIBCXX_3.4.26
                0x0000000000010710                json::utf8::JSONObject::size()
                0x0000000000010720                std::__cxx11::basic_string<wchar_t, std::char_traits<wchar_t>, std::allocator<wchar_t> >::_M_local_data()@@GLIBCXX_3.4.21
                0x0000000000010730                std::__throw_bad_alloc()@@GLIBCXX_3.4
                0x0000000000010740                std::basic_ostream<wchar_t, std::char_traits<wchar_t> >::operator<<(bool)@@GLIBCXX_3.4
                0x0000000000010750                __cxa_begin_catch@@CXXABI_1.3
                0x0000000000010760                std::__cxx11::basic_string<wchar_t, std::char_traits<wchar_t>, std::allocator<wchar_t> >::_Alloc_hider::_Alloc_hider(wchar_t*, std::allocator<wchar_t> const&)@@GLIBCXX_3.4.21
                0x0000000000010770                std::__cxx11::basic_string<char, std::char_traits<char>, std::allocator<char> >::basic_string(std::__cxx11::basic_string<char, std::char_traits<char>, std::allocator<char> > const&)@@GLIBCXX_3.4.21
                0x0000000000010780                std::allocator<wchar_t>::allocator()@@GLIBCXX_3.4
                0x0000000000010790                std::__cxx11::basic_string<wchar_t, std::char_traits<wchar_t>, std::allocator<wchar_t> >::_M_data() const@@GLIBCXX_3.4.21
                0x00000000000107a0                std::__cxx11::basic_string<wchar_t, std::char_traits<wchar_t>, std::allocator<wchar_t> >::basic_string()@@GLIBCXX_3.4.21
                0x00000000000107b0                json::utf8::JSONObject::operator=(char const*)
                0x00000000000107c0                json::wide::JSONObject::keyVal[abi:cxx11]()
                0x00000000000107d0                json::wide::JSONObject::toString[abi:cxx11](bool)
                0x00000000000107e0                std::basic_ostream<wchar_t, std::char_traits<wchar_t> >::operator<<(double)@@GLIBCXX_3.4
                0x00000000000107f0                json::utf8::JSONObject::loadJSON(std::__cxx11::basic_string<char, std::char_traits<char>, std::allocator<char> > const&)
                0x0000000000010800                json::utf8::JSONObject::strValue[abi:cxx11]()
                0x0000000000010810                json::utf8::JSONObject::toString[abi:cxx11](bool)
                0x0000000000010820                std::__cxx11::basic_string<char, std::char_traits<char>, std::allocator<char> >::_M_set_length(unsigned long)@@GLIBCXX_3.4.21
                0x0000000000010830                std::__throw_logic_error(char const*)@@GLIBCXX_3.4
                0x0000000000010840                json::wide::JSONObject::JSONObject()
                0x0000000000010850                std::__cxx11::basic_string<char, std::char_traits<char>, std::allocator<char> >::_M_local_data()@@GLIBCXX_3.4.21
                0x0000000000010860                wcslen@@GLIBC_2.2.5
                0x0000000000010870                std::__cxx11::basic_string<char, std::char_traits<char>, std::allocator<char> >::_M_data(char*)@@GLIBCXX_3.4.21
                0x0000000000010880                json::utf8::JSONObject::type()
                0x0000000000010890                json::wide::JSONObject::operator[](std::__cxx11::basic_string<wchar_t, std::char_traits<wchar_t>, std::allocator<wchar_t> >)
                0x00000000000108a0                std::__cxx11::basic_string<wchar_t, std::char_traits<wchar_t>, std::allocator<wchar_t> >::_M_dispose()@@GLIBCXX_3.4.21
                0x00000000000108b0                __cxa_atexit@@GLIBC_2.2.5
                0x00000000000108c0                std::basic_ostream<char, std::char_traits<char> >& std::operator<< <char, std::char_traits<char>, std::allocator<char> >(std::basic_ostream<char, std::char_traits<char> >&, std::__cxx11::basic_string<char, std::char_traits<char>, std::allocator<char> > const&)@@GLIBCXX_3.4.21
                0x00000000000108d0                std::__cxx11::basic_string<wchar_t, std::char_traits<wchar_t>, std::allocator<wchar_t> >::basic_string(std::__cxx11::basic_string<wchar_t, std::char_traits<wchar_t>, std::allocator<wchar_t> > const&)@@GLIBCXX_3.4.21
                0x00000000000108e0                std::__cxx11::basic_string<wchar_t, std::char_traits<wchar_t>, std::allocator<wchar_t> >::_S_copy_chars(wchar_t*, wchar_t const*, wchar_t const*)@@GLIBCXX_3.4.21
                0x00000000000108f0                operator delete(void*)@@GLIBCXX_3.4
                0x0000000000010900                std::basic_ostream<char, std::char_traits<char> >& std::operator<< <std::char_traits<char> >(std::basic_ostream<char, std::char_traits<char> >&, char const*)@@GLIBCXX_3.4
                0x0000000000010910                operator new(unsigned long)@@GLIBCXX_3.4
                0x0000000000010920                std::__cxx11::basic_string<wchar_t, std::char_traits<wchar_t>, std::allocator<wchar_t> >::_M_create(unsigned long&, unsigned long)@@GLIBCXX_3.4.21
                0x0000000000010930                std::__cxx11::basic_ostringstream<char, std::char_traits<char>, std::allocator<char> >::str() const@@GLIBCXX_3.4.21
                0x0000000000010940                std::ostream::operator<<(std::ostream& (*)(std::ostream&))@@GLIBCXX_3.4
                0x0000000000010950                std::__cxx11::basic_string<char, std::char_traits<char>, std::allocator<char> >::_Alloc_hider::_Alloc_hider(char*, std::allocator<char> const&)@@GLIBCXX_3.4.21
                0x0000000000010960                json::utf8::JSONObject::operator[](std::__cxx11::basic_string<char, std::char_traits<char>, std::allocator<char> >)
                0x0000000000010970                std::allocator<char>::~allocator()@@GLIBCXX_3.4
                0x0000000000010980                std::__cxx11::basic_string<char, std::char_traits<char>, std::allocator<char> >::_M_data() const@@GLIBCXX_3.4.21
                0x0000000000010990                std::__cxx11::basic_stringstream<wchar_t, std::char_traits<wchar_t>, std::allocator<wchar_t> >::str() const@@GLIBCXX_3.4.21
                0x00000000000109a0                std::__cxx11::basic_string<char, std::char_traits<char>, std::allocator<char> >::_S_copy_chars(char*, char const*, char const*)@@GLIBCXX_3.4.21
                0x00000000000109b0                __stack_chk_fail@@GLIBC_2.4
                0x00000000000109c0                json::wide::JSONObject::numValue()
                0x00000000000109d0                json::wide::JSONObject::operator[](int)
                0x00000000000109e0                std::__cxx11::basic_string<char, std::char_traits<char>, std::allocator<char> >::operator=(std::__cxx11::basic_string<char, std::char_traits<char>, std::allocator<char> >&&)@@GLIBCXX_3.4.21
                0x00000000000109f0                std::__cxx11::basic_string<char, std::char_traits<char>, std::allocator<char> >::_M_dispose()@@GLIBCXX_3.4.21
                0x0000000000010a00                std::__cxx11::basic_stringstream<wchar_t, std::char_traits<wchar_t>, std::allocator<wchar_t> >::~basic_stringstream()@@GLIBCXX_3.4.21
                0x0000000000010a10                std::basic_ostream<wchar_t, std::char_traits<wchar_t> >& std::operator<< <wchar_t, std::char_traits<wchar_t>, std::allocator<wchar_t> >(std::basic_ostream<wchar_t, std::char_traits<wchar_t> >&, std::__cxx11::basic_string<wchar_t, std::char_traits<wchar_t>, std::allocator<wchar_t> > const&)@@GLIBCXX_3.4.21
                0x0000000000010a20                std::__cxx11::basic_ostringstream<char, std::char_traits<char>, std::allocator<char> >::basic_ostringstream()@@GLIBCXX_3.4.26
                0x0000000000010a30                std::__cxx11::basic_string<char, std::char_traits<char>, std::allocator<char> >::operator=(char const*)@@GLIBCXX_3.4.21
                0x0000000000010a40                std::__cxx11::basic_string<char, std::char_traits<char>, std::allocator<char> >::basic_string()@@GLIBCXX_3.4.21
                0x0000000000010a50                json::wide::JSONObject::operator=(int)
                0x0000000000010a60                __cxa_rethrow@@CXXABI_1.3
                0x0000000000010a70                json::wide::JSONObject::boolValue()
                0x0000000000010a80                json::wide::JSONObject::size()
                0x0000000000010a90                json::utf8::JSONObject::~JSONObject()
                0x0000000000010aa0                std::ios_base::Init::Init()@@GLIBCXX_3.4
                0x0000000000010ab0                json::utf8::JSONObject::operator[](int)
                0x0000000000010ac0                std::__cxx11::basic_string<wchar_t, std::char_traits<wchar_t>, std::allocator<wchar_t> >::_M_set_length(unsigned long)@@GLIBCXX_3.4.21
                0x0000000000010ad0                memmove@@GLIBC_2.2.5
                0x0000000000010ae0                __cxa_end_catch@@CXXABI_1.3
                0x0000000000010af0                std::__cxx11::basic_string<wchar_t, std::char_traits<wchar_t>, std::allocator<wchar_t> >::~basic_string()@@GLIBCXX_3.4.21
                0x0000000000010b00                json::wide::JSONObject::operator+=(json::wide::JSONObject&)
                0x0000000000010b10                json::wide::JSONObject::loadJSONByFile(std::__cxx11::basic_string<char, std::char_traits<char>, std::allocator<char> >)
                0x0000000000010b20                std::allocator<wchar_t>::~allocator()@@GLIBCXX_3.4
                0x0000000000010b30                std::__cxx11::basic_string<wchar_t, std::char_traits<wchar_t>, std::allocator<wchar_t> >::_M_capacity(unsigned long)@@GLIBCXX_3.4.21
                0x0000000000010b40                std::basic_ostream<wchar_t, std::char_traits<wchar_t> >::operator<<(std::basic_ostream<wchar_t, std::char_traits<wchar_t> >& (*)(std::basic_ostream<wchar_t, std::char_traits<wchar_t> >&))@@GLIBCXX_3.4
                0x0000000000010b50                std::ostream::operator<<(int)@@GLIBCXX_3.4
                0x0000000000010b60                json::wide::JSONObject::strValue[abi:cxx11]()
                0x0000000000010b70                _Unwind_Resume@@GCC_3.0
                0x0000000000010b80                std::allocator<char>::allocator()@@GLIBCXX_3.4
                0x0000000000010b90                std::ostream::operator<<(bool)@@GLIBCXX_3.4
                0x0000000000010ba0                std::allocator<wchar_t>::~allocator()@@GLIBCXX_3.4
                0x0000000000010bb0                std::__cxx11::basic_string<char, std::char_traits<char>, std::allocator<char> >::_M_create(unsigned long&, unsigned long)@@GLIBCXX_3.4.21
                0x0000000000010bc0                std::__cxx11::basic_string<wchar_t, std::char_traits<wchar_t>, std::allocator<wchar_t> >::operator=(wchar_t const*)@@GLIBCXX_3.4.21
                0x0000000000010bd0                json::wide::JSONObject::operator=(wchar_t const*)
                0x0000000000010be0                std::basic_ostream<wchar_t, std::char_traits<wchar_t> >& std::operator<< <wchar_t, std::char_traits<wchar_t> >(std::basic_ostream<wchar_t, std::char_traits<wchar_t> >&, wchar_t const*)@@GLIBCXX_3.4
                0x0000000000010bf0                json::utf8::JSONObject::operator+=(json::utf8::JSONObject&)
                0x0000000000010c00                json::utf8::JSONObject::keyVal[abi:cxx11]()
                0x0000000000010c10                std::__cxx11::basic_string<wchar_t, std::char_traits<wchar_t>, std::allocator<wchar_t> >::operator=(std::__cxx11::basic_string<wchar_t, std::char_traits<wchar_t>, std::allocator<wchar_t> >&&)@@GLIBCXX_3.4.21
                0x0000000000010c20                std::basic_ostream<wchar_t, std::char_traits<wchar_t> >::operator<<(int)@@GLIBCXX_3.4
                0x0000000000010c30                std::ostream::operator<<(double)@@GLIBCXX_3.4
                0x0000000000010c40                json::wide::JSONObject::loadJSON(std::__cxx11::basic_string<wchar_t, std::char_traits<wchar_t>, std::allocator<wchar_t> > const&)
                0x0000000000010c50                std::__cxx11::basic_string<char, std::char_traits<char>, std::allocator<char> >::_M_capacity(unsigned long)@@GLIBCXX_3.4.21
                0x0000000000010c60                json::utf8::JSONObject::loadJSONByFile(std::__cxx11::basic_string<char, std::char_traits<char>, std::allocator<char> >)

.text           0x0000000000010c70     0xb375
 *(.text.unlikely .text.*_unlikely .text.unlikely.*)
 *(.text.exit .text.exit.*)
 *(.text.startup .text.startup.*)
 *(.text.hot .text.hot.*)
 *(SORT_BY_NAME(.text.sorted.*))
 *(.text .stub .text.* .gnu.linkonce.t.*)
 .text          0x0000000000010c70       0x2f /usr/lib/gcc/x86_64-linux-gnu/9/../../../x86_64-linux-gnu/Scrt1.o
                0x0000000000010c70                _start
 .text          0x0000000000010c9f        0x0 /usr/lib/gcc/x86_64-linux-gnu/9/../../../x86_64-linux-gnu/crti.o
 *fill*         0x0000000000010c9f        0x1 
 .text          0x0000000000010ca0       0xb9 /usr/lib/gcc/x86_64-linux-gnu/9/crtbeginS.o
 .text          0x0000000000010d59      0x66c ./obj/main.o
                0x0000000000010d59                main
 .text._ZNSt11char_traitsIcE6lengthEPKc
                0x00000000000113c5       0x54 ./obj/main.o
                0x00000000000113c5                std::char_traits<char>::length(char const*)
 .text._ZN9__gnu_cxx11char_traitsIcE2eqERKcS3_
                0x0000000000011419       0x25 ./obj/main.o
                0x0000000000011419                __gnu_cxx::char_traits<char>::eq(char const&, char const&)
 .text._ZN9__gnu_cxx11char_traitsIcE6lengthEPKc
                0x000000000001143e       0x6d ./obj/main.o
                0x000000000001143e                __gnu_cxx::char_traits<char>::length(char const*)
 *fill*         0x00000000000114ab        0x1 
 .text._ZNSt7__cxx1112basic_stringIcSt11char_traitsIcESaIcEE12_Alloc_hiderD2Ev
                0x00000000000114ac       0x1f ./obj/main.o
                0x00000000000114ac                std::__cxx11::basic_string<char, std::char_traits<char>, std::allocator<char> >::_Alloc_hider::~_Alloc_hider()
                0x00000000000114ac                std::__cxx11::basic_string<char, std::char_traits<char>, std::allocator<char> >::_Alloc_hider::~_Alloc_hider()
 *fill*         0x00000000000114cb        0x1 
 .text._ZNSt7__cxx1112basic_stringIcSt11char_traitsIcESaIcEEC2IS3_EEPKcRKS3_
                0x00000000000114cc       0x9c ./obj/main.o
                0x00000000000114cc                std::__cxx11::basic_string<char, std::char_traits<char>, std::allocator<char> >::basic_string<std::allocator<char> >(char const*, std::allocator<char> const&)
                0x00000000000114cc                std::__cxx11::basic_string<char, std::char_traits<char>, std::allocator<char> >::basic_string<std::allocator<char> >(char const*, std::allocator<char> const&)
 .text._ZNSt7__cxx1112basic_stringIcSt11char_traitsIcESaIcEE12_M_constructIPKcEEvT_S8_
                0x0000000000011568       0x32 ./obj/main.o
                0x0000000000011568                void std::__cxx11::basic_string<char, std::char_traits<char>, std::allocator<char> >::_M_construct<char const*>(char const*, char const*)
 .text._ZNSt7__cxx1112basic_stringIcSt11char_traitsIcESaIcEE16_M_construct_auxIPKcEEvT_S8_St12__false_type
                0x000000000001159a       0x55 ./obj/main.o
                0x000000000001159a                void std::__cxx11::basic_string<char, std::char_traits<char>, std::allocator<char> >::_M_construct_aux<char const*>(char const*, char const*, std::__false_type)
 .text._ZSt8distanceIPKcENSt15iterator_traitsIT_E15difference_typeES3_S3_
                0x00000000000115ef       0x35 ./obj/main.o
                0x00000000000115ef                std::iterator_traits<char const*>::difference_type std::distance<char const*>(char const*, char const*)
 .text._ZNSt7__cxx1112basic_stringIcSt11char_traitsIcESaIcEE12_M_constructIPKcEEvT_S8_St20forward_iterator_tag
                0x0000000000011624      0x143 ./obj/main.o
                0x0000000000011624                void std::__cxx11::basic_string<char, std::char_traits<char>, std::allocator<char> >::_M_construct<char const*>(char const*, char const*, std::forward_iterator_tag)
 .text._ZN9__gnu_cxx17__is_null_pointerIKcEEbPT_
                0x0000000000011767       0x16 ./obj/main.o
                0x0000000000011767                bool __gnu_cxx::__is_null_pointer<char const>(char const*)
 .text._ZSt19__iterator_categoryIPKcENSt15iterator_traitsIT_E17iterator_categoryERKS3_
                0x000000000001177d        0xe ./obj/main.o
                0x000000000001177d                std::iterator_traits<char const*>::iterator_category std::__iterator_category<char const*>(char const* const&)
 .text._ZSt10__distanceIPKcENSt15iterator_traitsIT_E15difference_typeES3_S3_St26random_access_iterator_tag
                0x000000000001178b       0x1a ./obj/main.o
                0x000000000001178b                std::iterator_traits<char const*>::difference_type std::__distance<char const*>(char const*, char const*, std::random_access_iterator_tag)
 *fill*         0x00000000000117a5        0x1 
 .text          0x00000000000117a6     0x3453 ./obj/TEST.o
                0x00000000000117a6                TEST::TEST()
                0x00000000000117a6                TEST::TEST()
                0x00000000000117f4                TEST::~TEST()
                0x00000000000117f4                TEST::~TEST()
                0x0000000000011804                TEST::json_parse_1()
                0x0000000000012600                TEST::json_parse_2()
                0x0000000000013270                TEST::json_parse_3()
                0x0000000000013610                TEST::json_parse_4()
                0x00000000000139b0                TEST::json_parse_5()
                0x0000000000013ff8                TEST::print(int, json::utf8::JSONObject&, int)
 .text._ZnwmPv  0x0000000000014bf9       0x16 ./obj/TEST.o
                0x0000000000014bf9                operator new(unsigned long, void*)
 .text._ZdlPvS_
                0x0000000000014c0f       0x13 ./obj/TEST.o
                0x0000000000014c0f                operator delete(void*, void*)
 .text._ZNSt8ios_base5widthEl
                0x0000000000014c22       0x2e ./obj/TEST.o
                0x0000000000014c22                std::ios_base::width(long)
 .text._ZNSt18_Rb_tree_node_base10_S_minimumEPS_
                0x0000000000014c50       0x2d ./obj/TEST.o
                0x0000000000014c50                std::_Rb_tree_node_base::_S_minimum(std::_Rb_tree_node_base*)
 .text._ZNSt18_Rb_tree_node_base10_S_maximumEPS_
                0x0000000000014c7d       0x2d ./obj/TEST.o
                0x0000000000014c7d                std::_Rb_tree_node_base::_S_maximum(std::_Rb_tree_node_base*)
 .text._ZNSt15_Rb_tree_headerC2Ev
                0x0000000000014caa       0x29 ./obj/TEST.o
                0x0000000000014caa                std::_Rb_tree_header::_Rb_tree_header()
                0x0000000000014caa                std::_Rb_tree_header::_Rb_tree_header()
 *fill*         0x0000000000014cd3        0x1 
 .text._ZNSt15_Rb_tree_header8_M_resetEv
                0x0000000000014cd4       0x3f ./obj/TEST.o
                0x0000000000014cd4                std::_Rb_tree_header::_M_reset()
 *fill*         0x0000000000014d13        0x1 
 .text._ZNSt4pairIiNSt7__cxx1112basic_stringIcSt11char_traitsIcESaIcEEEED2Ev
                0x0000000000014d14       0x23 ./obj/TEST.o
                0x0000000000014d14                std::pair<int, std::__cxx11::basic_string<char, std::char_traits<char>, std::allocator<char> > >::~pair()
                0x0000000000014d14                std::pair<int, std::__cxx11::basic_string<char, std::char_traits<char>, std::allocator<char> > >::~pair()
 *fill*         0x0000000000014d37        0x1 
 .text._ZNSt3mapINSt7__cxx1112basic_stringIcSt11char_traitsIcESaIcEEESt6vectorIiSaIiEESt4lessIS5_ESaISt4pairIKS5_S8_EEEC2ERKSF_
                0x0000000000014d38       0x2a ./obj/TEST.o
                0x0000000000014d38                std::map<std::__cxx11::basic_string<char, std::char_traits<char>, std::allocator<char> >, std::vector<int, std::allocator<int> >, std::less<std::__cxx11::basic_string<char, std::char_traits<char>, std::allocator<char> > >, std::allocator<std::pair<std::__cxx11::basic_string<char, std::char_traits<char>, std::allocator<char> > const, std::vector<int, std::allocator<int> > > > >::map(std::map<std::__cxx11::basic_string<char, std::char_traits<char>, std::allocator<char> >, std::vector<int, std::allocator<int> >, std::less<std::__cxx11::basic_string<char, std::char_traits<char>, std::allocator<char> > >, std::allocator<std::pair<std::__cxx11::basic_string<char, std::char_traits<char>, std::allocator<char> > const, std::vector<int, std::allocator<int> > > > > const&)
                0x0000000000014d38                std::map<std::__cxx11::basic_string<char, std::char_traits<char>, std::allocator<char> >, std::vector<int, std::allocator<int> >, std::less<std::__cxx11::basic_string<char, std::char_traits<char>, std::allocator<char> > >, std::allocator<std::pair<std::__cxx11::basic_string<char, std::char_traits<char>, std::allocator<char> > const, std::vector<int, std::allocator<int> > > > >::map(std::map<std::__cxx11::basic_string<char, std::char_traits<char>, std::allocator<char> >, std::vector<int, std::allocator<int> >, std::less<std::__cxx11::basic_string<char, std::char_traits<char>, std::allocator<char> > >, std::allocator<std::pair<std::__cxx11::basic_string<char, std::char_traits<char>, std::allocator<char> > const, std::vector<int, std::allocator<int> > > > > const&)
 .text._ZNSt3mapINSt7__cxx1112basic_stringIcSt11char_traitsIcESaIcEEESt6vectorIiSaIiEESt4lessIS5_ESaISt4pairIKS5_S8_EEED2Ev
                0x0000000000014d62       0x1f ./obj/TEST.o
                0x0000000000014d62                std::map<std::__cxx11::basic_string<char, std::char_traits<char>, std::allocator<char> >, std::vector<int, std::allocator<int> >, std::less<std::__cxx11::basic_string<char, std::char_traits<char>, std::allocator<char> > >, std::allocator<std::pair<std::__cxx11::basic_string<char, std::char_traits<char>, std::allocator<char> > const, std::vector<int, std::allocator<int> > > > >::~map()
                0x0000000000014d62                std::map<std::__cxx11::basic_string<char, std::char_traits<char>, std::allocator<char> >, std::vector<int, std::allocator<int> >, std::less<std::__cxx11::basic_string<char, std::char_traits<char>, std::allocator<char> > >, std::allocator<std::pair<std::__cxx11::basic_string<char, std::char_traits<char>, std::allocator<char> > const, std::vector<int, std::allocator<int> > > > >::~map()
 *fill*         0x0000000000014d81        0x1 
 .text._ZN4json4utf810JSONObjectC2ERKS1_
                0x0000000000014d82      0x17e ./obj/TEST.o
                0x0000000000014d82                json::utf8::JSONObject::JSONObject(json::utf8::JSONObject const&)
                0x0000000000014d82                json::utf8::JSONObject::JSONObject(json::utf8::JSONObject const&)
 .text._ZNSt6vectorISt4pairINSt7__cxx1112basic_stringIcSt11char_traitsIcESaIcEEEN4json4utf810JSONObjectEESaISA_EEC2ERKSC_
                0x0000000000014f00      0x11f ./obj/TEST.o
                0x0000000000014f00                std::vector<std::pair<std::__cxx11::basic_string<char, std::char_traits<char>, std::allocator<char> >, json::utf8::JSONObject>, std::allocator<std::pair<std::__cxx11::basic_string<char, std::char_traits<char>, std::allocator<char> >, json::utf8::JSONObject> > >::vector(std::vector<std::pair<std::__cxx11::basic_string<char, std::char_traits<char>, std::allocator<char> >, json::utf8::JSONObject>, std::allocator<std::pair<std::__cxx11::basic_string<char, std::char_traits<char>, std::allocator<char> >, json::utf8::JSONObject> > > const&)
                0x0000000000014f00                std::vector<std::pair<std::__cxx11::basic_string<char, std::char_traits<char>, std::allocator<char> >, json::utf8::JSONObject>, std::allocator<std::pair<std::__cxx11::basic_string<char, std::char_traits<char>, std::allocator<char> >, json::utf8::JSONObject> > >::vector(std::vector<std::pair<std::__cxx11::basic_string<char, std::char_traits<char>, std::allocator<char> >, json::utf8::JSONObject>, std::allocator<std::pair<std::__cxx11::basic_string<char, std::char_traits<char>, std::allocator<char> >, json::utf8::JSONObject> > > const&)
 *fill*         0x000000000001501f        0x1 
 .text._ZNSt6vectorISt4pairINSt7__cxx1112basic_stringIcSt11char_traitsIcESaIcEEEN4json4utf810JSONObjectEESaISA_EED2Ev
                0x0000000000015020       0x48 ./obj/TEST.o
                0x0000000000015020                std::vector<std::pair<std::__cxx11::basic_string<char, std::char_traits<char>, std::allocator<char> >, json::utf8::JSONObject>, std::allocator<std::pair<std::__cxx11::basic_string<char, std::char_traits<char>, std::allocator<char> >, json::utf8::JSONObject> > >::~vector()
                0x0000000000015020                std::vector<std::pair<std::__cxx11::basic_string<char, std::char_traits<char>, std::allocator<char> >, json::utf8::JSONObject>, std::allocator<std::pair<std::__cxx11::basic_string<char, std::char_traits<char>, std::allocator<char> >, json::utf8::JSONObject> > >::~vector()
 .text._ZNSt8_Rb_treeINSt7__cxx1112basic_stringIcSt11char_traitsIcESaIcEEESt4pairIKS5_St6vectorIiSaIiEEESt10_Select1stISB_ESt4lessIS5_ESaISB_EE13_Rb_tree_implISF_Lb1EED2Ev
                0x0000000000015068       0x1f ./obj/TEST.o
                0x0000000000015068                std::_Rb_tree<std::__cxx11::basic_string<char, std::char_traits<char>, std::allocator<char> >, std::pair<std::__cxx11::basic_string<char, std::char_traits<char>, std::allocator<char> > const, std::vector<int, std::allocator<int> > >, std::_Select1st<std::pair<std::__cxx11::basic_string<char, std::char_traits<char>, std::allocator<char> > const, std::vector<int, std::allocator<int> > > >, std::less<std::__cxx11::basic_string<char, std::char_traits<char>, std::allocator<char> > >, std::allocator<std::pair<std::__cxx11::basic_string<char, std::char_traits<char>, std::allocator<char> > const, std::vector<int, std::allocator<int> > > > >::_Rb_tree_impl<std::less<std::__cxx11::basic_string<char, std::char_traits<char>, std::allocator<char> > >, true>::~_Rb_tree_impl()
                0x0000000000015068                std::_Rb_tree<std::__cxx11::basic_string<char, std::char_traits<char>, std::allocator<char> >, std::pair<std::__cxx11::basic_string<char, std::char_traits<char>, std::allocator<char> > const, std::vector<int, std::allocator<int> > >, std::_Select1st<std::pair<std::__cxx11::basic_string<char, std::char_traits<char>, std::allocator<char> > const, std::vector<int, std::allocator<int> > > >, std::less<std::__cxx11::basic_string<char, std::char_traits<char>, std::allocator<char> > >, std::allocator<std::pair<std::__cxx11::basic_string<char, std::char_traits<char>, std::allocator<char> > const, std::vector<int, std::allocator<int> > > > >::_Rb_tree_impl<std::less<std::__cxx11::basic_string<char, std::char_traits<char>, std::allocator<char> > >, true>::~_Rb_tree_impl()
 *fill*         0x0000000000015087        0x1 
 .text._ZNSt8_Rb_treeINSt7__cxx1112basic_stringIcSt11char_traitsIcESaIcEEESt4pairIKS5_St6vectorIiSaIiEEESt10_Select1stISB_ESt4lessIS5_ESaISB_EEC2ERKSH_
                0x0000000000015088       0x8b ./obj/TEST.o
                0x0000000000015088                std::_Rb_tree<std::__cxx11::basic_string<char, std::char_traits<char>, std::allocator<char> >, std::pair<std::__cxx11::basic_string<char, std::char_traits<char>, std::allocator<char> > const, std::vector<int, std::allocator<int> > >, std::_Select1st<std::pair<std::__cxx11::basic_string<char, std::char_traits<char>, std::allocator<char> > const, std::vector<int, std::allocator<int> > > >, std::less<std::__cxx11::basic_string<char, std::char_traits<char>, std::allocator<char> > >, std::allocator<std::pair<std::__cxx11::basic_string<char, std::char_traits<char>, std::allocator<char> > const, std::vector<int, std::allocator<int> > > > >::_Rb_tree(std::_Rb_tree<std::__cxx11::basic_string<char, std::char_traits<char>, std::allocator<char> >, std::pair<std::__cxx11::basic_string<char, std::char_traits<char>, std::allocator<char> > const, std::vector<int, std::allocator<int> > >, std::_Select1st<std::pair<std::__cxx11::basic_string<char, std::char_traits<char>, std::allocator<char> > const, std::vector<int, std::allocator<int> > > >, std::less<std::__cxx11::basic_string<char, std::char_traits<char>, std::allocator<char> > >, std::allocator<std::pair<std::__cxx11::basic_string<char, std::char_traits<char>, std::allocator<char> > const, std::vector<int, std::allocator<int> > > > > const&)
                0x0000000000015088                std::_Rb_tree<std::__cxx11::basic_string<char, std::char_traits<char>, std::allocator<char> >, std::pair<std::__cxx11::basic_string<char, std::char_traits<char>, std::allocator<char> > const, std::vector<int, std::allocator<int> > >, std::_Select1st<std::pair<std::__cxx11::basic_string<char, std::char_traits<char>, std::allocator<char> > const, std::vector<int, std::allocator<int> > > >, std::less<std::__cxx11::basic_string<char, std::char_traits<char>, std::allocator<char> > >, std::allocator<std::pair<std::__cxx11::basic_string<char, std::char_traits<char>, std::allocator<char> > const, std::vector<int, std::allocator<int> > > > >::_Rb_tree(std::_Rb_tree<std::__cxx11::basic_string<char, std::char_traits<char>, std::allocator<char> >, std::pair<std::__cxx11::basic_string<char, std::char_traits<char>, std::allocator<char> > const, std::vector<int, std::allocator<int> > >, std::_Select1st<std::pair<std::__cxx11::basic_string<char, std::char_traits<char>, std::allocator<char> > const, std::vector<int, std::allocator<int> > > >, std::less<std::__cxx11::basic_string<char, std::char_traits<char>, std::allocator<char> > >, std::allocator<std::pair<std::__cxx11::basic_string<char, std::char_traits<char>, std::allocator<char> > const, std::vector<int, std::allocator<int> > > > > const&)
 *fill*         0x0000000000015113        0x1 
 .text._ZNSt8_Rb_treeINSt7__cxx1112basic_stringIcSt11char_traitsIcESaIcEEESt4pairIKS5_St6vectorIiSaIiEEESt10_Select1stISB_ESt4lessIS5_ESaISB_EED2Ev
                0x0000000000015114       0x3d ./obj/TEST.o
                0x0000000000015114                std::_Rb_tree<std::__cxx11::basic_string<char, std::char_traits<char>, std::allocator<char> >, std::pair<std::__cxx11::basic_string<char, std::char_traits<char>, std::allocator<char> > const, std::vector<int, std::allocator<int> > >, std::_Select1st<std::pair<std::__cxx11::basic_string<char, std::char_traits<char>, std::allocator<char> > const, std::vector<int, std::allocator<int> > > >, std::less<std::__cxx11::basic_string<char, std::char_traits<char>, std::allocator<char> > >, std::allocator<std::pair<std::__cxx11::basic_string<char, std::char_traits<char>, std::allocator<char> > const, std::vector<int, std::allocator<int> > > > >::~_Rb_tree()
                0x0000000000015114                std::_Rb_tree<std::__cxx11::basic_string<char, std::char_traits<char>, std::allocator<char> >, std::pair<std::__cxx11::basic_string<char, std::char_traits<char>, std::allocator<char> > const, std::vector<int, std::allocator<int> > >, std::_Select1st<std::pair<std::__cxx11::basic_string<char, std::char_traits<char>, std::allocator<char> > const, std::vector<int, std::allocator<int> > > >, std::less<std::__cxx11::basic_string<char, std::char_traits<char>, std::allocator<char> > >, std::allocator<std::pair<std::__cxx11::basic_string<char, std::char_traits<char>, std::allocator<char> > const, std::vector<int, std::allocator<int> > > > >::~_Rb_tree()
 *fill*         0x0000000000015151        0x1 
 .text._ZNKSt6vectorISt4pairINSt7__cxx1112basic_stringIcSt11char_traitsIcESaIcEEEN4json4utf810JSONObjectEESaISA_EE4sizeEv
                0x0000000000015152       0x38 ./obj/TEST.o
                0x0000000000015152                std::vector<std::pair<std::__cxx11::basic_string<char, std::char_traits<char>, std::allocator<char> >, json::utf8::JSONObject>, std::allocator<std::pair<std::__cxx11::basic_string<char, std::char_traits<char>, std::allocator<char> >, json::utf8::JSONObject> > >::size() const
 .text._ZN9__gnu_cxx14__alloc_traitsISaISt4pairINSt7__cxx1112basic_stringIcSt11char_traitsIcESaIcEEEN4json4utf810JSONObjectEEESB_E17_S_select_on_copyERKSC_
                0x000000000001518a       0x50 ./obj/TEST.o
                0x000000000001518a                __gnu_cxx::__alloc_traits<std::allocator<std::pair<std::__cxx11::basic_string<char, std::char_traits<char>, std::allocator<char> >, json::utf8::JSONObject> >, std::pair<std::__cxx11::basic_string<char, std::char_traits<char>, std::allocator<char> >, json::utf8::JSONObject> >::_S_select_on_copy(std::allocator<std::pair<std::__cxx11::basic_string<char, std::char_traits<char>, std::allocator<char> >, json::utf8::JSONObject> > const&)
 .text._ZNKSt12_Vector_baseISt4pairINSt7__cxx1112basic_stringIcSt11char_traitsIcESaIcEEEN4json4utf810JSONObjectEESaISA_EE19_M_get_Tp_allocatorEv
                0x00000000000151da       0x12 ./obj/TEST.o
                0x00000000000151da                std::_Vector_base<std::pair<std::__cxx11::basic_string<char, std::char_traits<char>, std::allocator<char> >, json::utf8::JSONObject>, std::allocator<std::pair<std::__cxx11::basic_string<char, std::char_traits<char>, std::allocator<char> >, json::utf8::JSONObject> > >::_M_get_Tp_allocator() const
 .text._ZNSaISt4pairINSt7__cxx1112basic_stringIcSt11char_traitsIcESaIcEEEN4json4utf810JSONObjectEEED2Ev
                0x00000000000151ec       0x1f ./obj/TEST.o
                0x00000000000151ec                std::allocator<std::pair<std::__cxx11::basic_string<char, std::char_traits<char>, std::allocator<char> >, json::utf8::JSONObject> >::~allocator()
                0x00000000000151ec                std::allocator<std::pair<std::__cxx11::basic_string<char, std::char_traits<char>, std::allocator<char> >, json::utf8::JSONObject> >::~allocator()
 *fill*         0x000000000001520b        0x1 
 .text._ZNSt12_Vector_baseISt4pairINSt7__cxx1112basic_stringIcSt11char_traitsIcESaIcEEEN4json4utf810JSONObjectEESaISA_EE12_Vector_implD2Ev
                0x000000000001520c       0x1f ./obj/TEST.o
                0x000000000001520c                std::_Vector_base<std::pair<std::__cxx11::basic_string<char, std::char_traits<char>, std::allocator<char> >, json::utf8::JSONObject>, std::allocator<std::pair<std::__cxx11::basic_string<char, std::char_traits<char>, std::allocator<char> >, json::utf8::JSONObject> > >::_Vector_impl::~_Vector_impl()
                0x000000000001520c                std::_Vector_base<std::pair<std::__cxx11::basic_string<char, std::char_traits<char>, std::allocator<char> >, json::utf8::JSONObject>, std::allocator<std::pair<std::__cxx11::basic_string<char, std::char_traits<char>, std::allocator<char> >, json::utf8::JSONObject> > >::_Vector_impl::~_Vector_impl()
 *fill*         0x000000000001522b        0x1 
 .text._ZNSt12_Vector_baseISt4pairINSt7__cxx1112basic_stringIcSt11char_traitsIcESaIcEEEN4json4utf810JSONObjectEESaISA_EEC2EmRKSB_
                0x000000000001522c       0x66 ./obj/TEST.o
                0x000000000001522c                std::_Vector_base<std::pair<std::__cxx11::basic_string<char, std::char_traits<char>, std::allocator<char> >, json::utf8::JSONObject>, std::allocator<std::pair<std::__cxx11::basic_string<char, std::char_traits<char>, std::allocator<char> >, json::utf8::JSONObject> > >::_Vector_base(unsigned long, std::allocator<std::pair<std::__cxx11::basic_string<char, std::char_traits<char>, std::allocator<char> >, json::utf8::JSONObject> > const&)
                0x000000000001522c                std::_Vector_base<std::pair<std::__cxx11::basic_string<char, std::char_traits<char>, std::allocator<char> >, json::utf8::JSONObject>, std::allocator<std::pair<std::__cxx11::basic_string<char, std::char_traits<char>, std::allocator<char> >, json::utf8::JSONObject> > >::_Vector_base(unsigned long, std::allocator<std::pair<std::__cxx11::basic_string<char, std::char_traits<char>, std::allocator<char> >, json::utf8::JSONObject> > const&)
 .text._ZNSt12_Vector_baseISt4pairINSt7__cxx1112basic_stringIcSt11char_traitsIcESaIcEEEN4json4utf810JSONObjectEESaISA_EED2Ev
                0x0000000000015292       0x62 ./obj/TEST.o
                0x0000000000015292                std::_Vector_base<std::pair<std::__cxx11::basic_string<char, std::char_traits<char>, std::allocator<char> >, json::utf8::JSONObject>, std::allocator<std::pair<std::__cxx11::basic_string<char, std::char_traits<char>, std::allocator<char> >, json::utf8::JSONObject> > >::~_Vector_base()
                0x0000000000015292                std::_Vector_base<std::pair<std::__cxx11::basic_string<char, std::char_traits<char>, std::allocator<char> >, json::utf8::JSONObject>, std::allocator<std::pair<std::__cxx11::basic_string<char, std::char_traits<char>, std::allocator<char> >, json::utf8::JSONObject> > >::~_Vector_base()
 .text._ZNKSt6vectorISt4pairINSt7__cxx1112basic_stringIcSt11char_traitsIcESaIcEEEN4json4utf810JSONObjectEESaISA_EE5beginEv
                0x00000000000152f4       0x57 ./obj/TEST.o
                0x00000000000152f4                std::vector<std::pair<std::__cxx11::basic_string<char, std::char_traits<char>, std::allocator<char> >, json::utf8::JSONObject>, std::allocator<std::pair<std::__cxx11::basic_string<char, std::char_traits<char>, std::allocator<char> >, json::utf8::JSONObject> > >::begin() const
 *fill*         0x000000000001534b        0x1 
 .text._ZNKSt6vectorISt4pairINSt7__cxx1112basic_stringIcSt11char_traitsIcESaIcEEEN4json4utf810JSONObjectEESaISA_EE3endEv
                0x000000000001534c       0x58 ./obj/TEST.o
                0x000000000001534c                std::vector<std::pair<std::__cxx11::basic_string<char, std::char_traits<char>, std::allocator<char> >, json::utf8::JSONObject>, std::allocator<std::pair<std::__cxx11::basic_string<char, std::char_traits<char>, std::allocator<char> >, json::utf8::JSONObject> > >::end() const
 .text._ZNSt12_Vector_baseISt4pairINSt7__cxx1112basic_stringIcSt11char_traitsIcESaIcEEEN4json4utf810JSONObjectEESaISA_EE19_M_get_Tp_allocatorEv
                0x00000000000153a4       0x12 ./obj/TEST.o
                0x00000000000153a4                std::_Vector_base<std::pair<std::__cxx11::basic_string<char, std::char_traits<char>, std::allocator<char> >, json::utf8::JSONObject>, std::allocator<std::pair<std::__cxx11::basic_string<char, std::char_traits<char>, std::allocator<char> >, json::utf8::JSONObject> > >::_M_get_Tp_allocator()
 .text._ZSt22__uninitialized_copy_aIN9__gnu_cxx17__normal_iteratorIPKSt4pairINSt7__cxx1112basic_stringIcSt11char_traitsIcESaIcEEEN4json4utf810JSONObjectEESt6vectorISC_SaISC_EEEEPSC_SC_ET0_T_SL_SK_RSaIT1_E
                0x00000000000153b6       0x35 ./obj/TEST.o
                0x00000000000153b6                std::pair<std::__cxx11::basic_string<char, std::char_traits<char>, std::allocator<char> >, json::utf8::JSONObject>* std::__uninitialized_copy_a<__gnu_cxx::__normal_iterator<std::pair<std::__cxx11::basic_string<char, std::char_traits<char>, std::allocator<char> >, json::utf8::JSONObject> const*, std::vector<std::pair<std::__cxx11::basic_string<char, std::char_traits<char>, std::allocator<char> >, json::utf8::JSONObject>, std::allocator<std::pair<std::__cxx11::basic_string<char, std::char_traits<char>, std::allocator<char> >, json::utf8::JSONObject> > > >, std::pair<std::__cxx11::basic_string<char, std::char_traits<char>, std::allocator<char> >, json::utf8::JSONObject>*, std::pair<std::__cxx11::basic_string<char, std::char_traits<char>, std::allocator<char> >, json::utf8::JSONObject> >(__gnu_cxx::__normal_iterator<std::pair<std::__cxx11::basic_string<char, std::char_traits<char>, std::allocator<char> >, json::utf8::JSONObject> const*, std::vector<std::pair<std::__cxx11::basic_string<char, std::char_traits<char>, std::allocator<char> >, json::utf8::JSONObject>, std::allocator<std::pair<std::__cxx11::basic_string<char, std::char_traits<char>, std::allocator<char> >, json::utf8::JSONObject> > > >, __gnu_cxx::__normal_iterator<std::pair<std::__cxx11::basic_string<char, std::char_traits<char>, std::allocator<char> >, json::utf8::JSONObject> const*, std::vector<std::pair<std::__cxx11::basic_string<char, std::char_traits<char>, std::allocator<char> >, json::utf8::JSONObject>, std::allocator<std::pair<std::__cxx11::basic_string<char, std::char_traits<char>, std::allocator<char> >, json::utf8::JSONObject> > > >, std::pair<std::__cxx11::basic_string<char, std::char_traits<char>, std::allocator<char> >, json::utf8::JSONObject>*, std::allocator<std::pair<std::__cxx11::basic_string<char, std::char_traits<char>, std::allocator<char> >, json::utf8::JSONObject> >&)
 .text._ZSt8_DestroyIPSt4pairINSt7__cxx1112basic_stringIcSt11char_traitsIcESaIcEEEN4json4utf810JSONObjectEESA_EvT_SC_RSaIT0_E
                0x00000000000153eb       0x2e ./obj/TEST.o
                0x00000000000153eb                void std::_Destroy<std::pair<std::__cxx11::basic_string<char, std::char_traits<char>, std::allocator<char> >, json::utf8::JSONObject>*, std::pair<std::__cxx11::basic_string<char, std::char_traits<char>, std::allocator<char> >, json::utf8::JSONObject> >(std::pair<std::__cxx11::basic_string<char, std::char_traits<char>, std::allocator<char> >, json::utf8::JSONObject>*, std::pair<std::__cxx11::basic_string<char, std::char_traits<char>, std::allocator<char> >, json::utf8::JSONObject>*, std::allocator<std::pair<std::__cxx11::basic_string<char, std::char_traits<char>, std::allocator<char> >, json::utf8::JSONObject> >&)
 *fill*         0x0000000000015419        0x1 
 .text._ZNSt8_Rb_treeINSt7__cxx1112basic_stringIcSt11char_traitsIcESaIcEEESt4pairIKS5_St6vectorIiSaIiEEESt10_Select1stISB_ESt4lessIS5_ESaISB_EE13_Rb_tree_implISF_Lb1EEC2ERKSJ_
                0x000000000001541a       0x70 ./obj/TEST.o
                0x000000000001541a                std::_Rb_tree<std::__cxx11::basic_string<char, std::char_traits<char>, std::allocator<char> >, std::pair<std::__cxx11::basic_string<char, std::char_traits<char>, std::allocator<char> > const, std::vector<int, std::allocator<int> > >, std::_Select1st<std::pair<std::__cxx11::basic_string<char, std::char_traits<char>, std::allocator<char> > const, std::vector<int, std::allocator<int> > > >, std::less<std::__cxx11::basic_string<char, std::char_traits<char>, std::allocator<char> > >, std::allocator<std::pair<std::__cxx11::basic_string<char, std::char_traits<char>, std::allocator<char> > const, std::vector<int, std::allocator<int> > > > >::_Rb_tree_impl<std::less<std::__cxx11::basic_string<char, std::char_traits<char>, std::allocator<char> > >, true>::_Rb_tree_impl(std::_Rb_tree<std::__cxx11::basic_string<char, std::char_traits<char>, std::allocator<char> >, std::pair<std::__cxx11::basic_string<char, std::char_traits<char>, std::allocator<char> > const, std::vector<int, std::allocator<int> > >, std::_Select1st<std::pair<std::__cxx11::basic_string<char, std::char_traits<char>, std::allocator<char> > const, std::vector<int, std::allocator<int> > > >, std::less<std::__cxx11::basic_string<char, std::char_traits<char>, std::allocator<char> > >, std::allocator<std::pair<std::__cxx11::basic_string<char, std::char_traits<char>, std::allocator<char> > const, std::vector<int, std::allocator<int> > > > >::_Rb_tree_impl<std::less<std::__cxx11::basic_string<char, std::char_traits<char>, std::allocator<char> > >, true> const&)
                0x000000000001541a                std::_Rb_tree<std::__cxx11::basic_string<char, std::char_traits<char>, std::allocator<char> >, std::pair<std::__cxx11::basic_string<char, std::char_traits<char>, std::allocator<char> > const, std::vector<int, std::allocator<int> > >, std::_Select1st<std::pair<std::__cxx11::basic_string<char, std::char_traits<char>, std::allocator<char> > const, std::vector<int, std::allocator<int> > > >, std::less<std::__cxx11::basic_string<char, std::char_traits<char>, std::allocator<char> > >, std::allocator<std::pair<std::__cxx11::basic_string<char, std::char_traits<char>, std::allocator<char> > const, std::vector<int, std::allocator<int> > > > >::_Rb_tree_impl<std::less<std::__cxx11::basic_string<char, std::char_traits<char>, std::allocator<char> > >, true>::_Rb_tree_impl(std::_Rb_tree<std::__cxx11::basic_string<char, std::char_traits<char>, std::allocator<char> >, std::pair<std::__cxx11::basic_string<char, std::char_traits<char>, std::allocator<char> > const, std::vector<int, std::allocator<int> > >, std::_Select1st<std::pair<std::__cxx11::basic_string<char, std::char_traits<char>, std::allocator<char> > const, std::vector<int, std::allocator<int> > > >, std::less<std::__cxx11::basic_string<char, std::char_traits<char>, std::allocator<char> > >, std::allocator<std::pair<std::__cxx11::basic_string<char, std::char_traits<char>, std::allocator<char> > const, std::vector<int, std::allocator<int> > > > >::_Rb_tree_impl<std::less<std::__cxx11::basic_string<char, std::char_traits<char>, std::allocator<char> > >, true> const&)
 .text._ZNSaISt13_Rb_tree_nodeISt4pairIKNSt7__cxx1112basic_stringIcSt11char_traitsIcESaIcEEESt6vectorIiSaIiEEEEED2Ev
                0x000000000001548a       0x1f ./obj/TEST.o
                0x000000000001548a                std::allocator<std::_Rb_tree_node<std::pair<std::__cxx11::basic_string<char, std::char_traits<char>, std::allocator<char> > const, std::vector<int, std::allocator<int> > > > >::~allocator()
                0x000000000001548a                std::allocator<std::_Rb_tree_node<std::pair<std::__cxx11::basic_string<char, std::char_traits<char>, std::allocator<char> > const, std::vector<int, std::allocator<int> > > > >::~allocator()
 *fill*         0x00000000000154a9        0x1 
 .text._ZNKSt8_Rb_treeINSt7__cxx1112basic_stringIcSt11char_traitsIcESaIcEEESt4pairIKS5_St6vectorIiSaIiEEESt10_Select1stISB_ESt4lessIS5_ESaISB_EE7_M_rootEv
                0x00000000000154aa       0x16 ./obj/TEST.o
                0x00000000000154aa                std::_Rb_tree<std::__cxx11::basic_string<char, std::char_traits<char>, std::allocator<char> >, std::pair<std::__cxx11::basic_string<char, std::char_traits<char>, std::allocator<char> > const, std::vector<int, std::allocator<int> > >, std::_Select1st<std::pair<std::__cxx11::basic_string<char, std::char_traits<char>, std::allocator<char> > const, std::vector<int, std::allocator<int> > > >, std::less<std::__cxx11::basic_string<char, std::char_traits<char>, std::allocator<char> > >, std::allocator<std::pair<std::__cxx11::basic_string<char, std::char_traits<char>, std::allocator<char> > const, std::vector<int, std::allocator<int> > > > >::_M_root() const
 .text._ZNSt8_Rb_treeINSt7__cxx1112basic_stringIcSt11char_traitsIcESaIcEEESt4pairIKS5_St6vectorIiSaIiEEESt10_Select1stISB_ESt4lessIS5_ESaISB_EE7_M_rootEv
                0x00000000000154c0       0x16 ./obj/TEST.o
                0x00000000000154c0                std::_Rb_tree<std::__cxx11::basic_string<char, std::char_traits<char>, std::allocator<char> >, std::pair<std::__cxx11::basic_string<char, std::char_traits<char>, std::allocator<char> > const, std::vector<int, std::allocator<int> > >, std::_Select1st<std::pair<std::__cxx11::basic_string<char, std::char_traits<char>, std::allocator<char> > const, std::vector<int, std::allocator<int> > > >, std::less<std::__cxx11::basic_string<char, std::char_traits<char>, std::allocator<char> > >, std::allocator<std::pair<std::__cxx11::basic_string<char, std::char_traits<char>, std::allocator<char> > const, std::vector<int, std::allocator<int> > > > >::_M_root()
 .text._ZNSt8_Rb_treeINSt7__cxx1112basic_stringIcSt11char_traitsIcESaIcEEESt4pairIKS5_St6vectorIiSaIiEEESt10_Select1stISB_ESt4lessIS5_ESaISB_EE7_M_copyERKSH_
                0x00000000000154d6       0x63 ./obj/TEST.o
                0x00000000000154d6                std::_Rb_tree<std::__cxx11::basic_string<char, std::char_traits<char>, std::allocator<char> >, std::pair<std::__cxx11::basic_string<char, std::char_traits<char>, std::allocator<char> > const, std::vector<int, std::allocator<int> > >, std::_Select1st<std::pair<std::__cxx11::basic_string<char, std::char_traits<char>, std::allocator<char> > const, std::vector<int, std::allocator<int> > > >, std::less<std::__cxx11::basic_string<char, std::char_traits<char>, std::allocator<char> > >, std::allocator<std::pair<std::__cxx11::basic_string<char, std::char_traits<char>, std::allocator<char> > const, std::vector<int, std::allocator<int> > > > >::_M_copy(std::_Rb_tree<std::__cxx11::basic_string<char, std::char_traits<char>, std::allocator<char> >, std::pair<std::__cxx11::basic_string<char, std::char_traits<char>, std::allocator<char> > const, std::vector<int, std::allocator<int> > >, std::_Select1st<std::pair<std::__cxx11::basic_string<char, std::char_traits<char>, std::allocator<char> > const, std::vector<int, std::allocator<int> > > >, std::less<std::__cxx11::basic_string<char, std::char_traits<char>, std::allocator<char> > >, std::allocator<std::pair<std::__cxx11::basic_string<char, std::char_traits<char>, std::allocator<char> > const, std::vector<int, std::allocator<int> > > > > const&)
 *fill*         0x0000000000015539        0x1 
 .text._ZNSt8_Rb_treeINSt7__cxx1112basic_stringIcSt11char_traitsIcESaIcEEESt4pairIKS5_St6vectorIiSaIiEEESt10_Select1stISB_ESt4lessIS5_ESaISB_EE8_M_eraseEPSt13_Rb_tree_nodeISB_E
                0x000000000001553a       0x69 ./obj/TEST.o
                0x000000000001553a                std::_Rb_tree<std::__cxx11::basic_string<char, std::char_traits<char>, std::allocator<char> >, std::pair<std::__cxx11::basic_string<char, std::char_traits<char>, std::allocator<char> > const, std::vector<int, std::allocator<int> > >, std::_Select1st<std::pair<std::__cxx11::basic_string<char, std::char_traits<char>, std::allocator<char> > const, std::vector<int, std::allocator<int> > > >, std::less<std::__cxx11::basic_string<char, std::char_traits<char>, std::allocator<char> > >, std::allocator<std::pair<std::__cxx11::basic_string<char, std::char_traits<char>, std::allocator<char> > const, std::vector<int, std::allocator<int> > > > >::_M_erase(std::_Rb_tree_node<std::pair<std::__cxx11::basic_string<char, std::char_traits<char>, std::allocator<char> > const, std::vector<int, std::allocator<int> > > >*)
 *fill*         0x00000000000155a3        0x1 
 .text._ZNSt8_Rb_treeINSt7__cxx1112basic_stringIcSt11char_traitsIcESaIcEEESt4pairIKS5_St6vectorIiSaIiEEESt10_Select1stISB_ESt4lessIS5_ESaISB_EE8_M_beginEv
                0x00000000000155a4       0x16 ./obj/TEST.o
                0x00000000000155a4                std::_Rb_tree<std::__cxx11::basic_string<char, std::char_traits<char>, std::allocator<char> >, std::pair<std::__cxx11::basic_string<char, std::char_traits<char>, std::allocator<char> > const, std::vector<int, std::allocator<int> > >, std::_Select1st<std::pair<std::__cxx11::basic_string<char, std::char_traits<char>, std::allocator<char> > const, std::vector<int, std::allocator<int> > > >, std::less<std::__cxx11::basic_string<char, std::char_traits<char>, std::allocator<char> > >, std::allocator<std::pair<std::__cxx11::basic_string<char, std::char_traits<char>, std::allocator<char> > const, std::vector<int, std::allocator<int> > > > >::_M_begin()
 .text._ZNSt16allocator_traitsISaISt4pairINSt7__cxx1112basic_stringIcSt11char_traitsIcESaIcEEEN4json4utf810JSONObjectEEEE37select_on_container_copy_constructionERKSB_
                0x00000000000155ba       0x2d ./obj/TEST.o
                0x00000000000155ba                std::allocator_traits<std::allocator<std::pair<std::__cxx11::basic_string<char, std::char_traits<char>, std::allocator<char> >, json::utf8::JSONObject> > >::select_on_container_copy_construction(std::allocator<std::pair<std::__cxx11::basic_string<char, std::char_traits<char>, std::allocator<char> >, json::utf8::JSONObject> > const&)
 *fill*         0x00000000000155e7        0x1 
 .text._ZN9__gnu_cxx13new_allocatorISt4pairINSt7__cxx1112basic_stringIcSt11char_traitsIcESaIcEEEN4json4utf810JSONObjectEEED2Ev
                0x00000000000155e8        0xf ./obj/TEST.o
                0x00000000000155e8                __gnu_cxx::new_allocator<std::pair<std::__cxx11::basic_string<char, std::char_traits<char>, std::allocator<char> >, json::utf8::JSONObject> >::~new_allocator()
                0x00000000000155e8                __gnu_cxx::new_allocator<std::pair<std::__cxx11::basic_string<char, std::char_traits<char>, std::allocator<char> >, json::utf8::JSONObject> >::~new_allocator()
 *fill*         0x00000000000155f7        0x1 
 .text._ZNSt12_Vector_baseISt4pairINSt7__cxx1112basic_stringIcSt11char_traitsIcESaIcEEEN4json4utf810JSONObjectEESaISA_EE12_Vector_implC2ERKSB_
                0x00000000000155f8       0x36 ./obj/TEST.o
                0x00000000000155f8                std::_Vector_base<std::pair<std::__cxx11::basic_string<char, std::char_traits<char>, std::allocator<char> >, json::utf8::JSONObject>, std::allocator<std::pair<std::__cxx11::basic_string<char, std::char_traits<char>, std::allocator<char> >, json::utf8::JSONObject> > >::_Vector_impl::_Vector_impl(std::allocator<std::pair<std::__cxx11::basic_string<char, std::char_traits<char>, std::allocator<char> >, json::utf8::JSONObject> > const&)
                0x00000000000155f8                std::_Vector_base<std::pair<std::__cxx11::basic_string<char, std::char_traits<char>, std::allocator<char> >, json::utf8::JSONObject>, std::allocator<std::pair<std::__cxx11::basic_string<char, std::char_traits<char>, std::allocator<char> >, json::utf8::JSONObject> > >::_Vector_impl::_Vector_impl(std::allocator<std::pair<std::__cxx11::basic_string<char, std::char_traits<char>, std::allocator<char> >, json::utf8::JSONObject> > const&)
 .text._ZNSt12_Vector_baseISt4pairINSt7__cxx1112basic_stringIcSt11char_traitsIcESaIcEEEN4json4utf810JSONObjectEESaISA_EE17_M_create_storageEm
                0x000000000001562e       0x5d ./obj/TEST.o
                0x000000000001562e                std::_Vector_base<std::pair<std::__cxx11::basic_string<char, std::char_traits<char>, std::allocator<char> >, json::utf8::JSONObject>, std::allocator<std::pair<std::__cxx11::basic_string<char, std::char_traits<char>, std::allocator<char> >, json::utf8::JSONObject> > >::_M_create_storage(unsigned long)
 *fill*         0x000000000001568b        0x1 
 .text._ZNSt12_Vector_baseISt4pairINSt7__cxx1112basic_stringIcSt11char_traitsIcESaIcEEEN4json4utf810JSONObjectEESaISA_EE13_M_deallocateEPSA_m
                0x000000000001568c       0x39 ./obj/TEST.o
                0x000000000001568c                std::_Vector_base<std::pair<std::__cxx11::basic_string<char, std::char_traits<char>, std::allocator<char> >, json::utf8::JSONObject>, std::allocator<std::pair<std::__cxx11::basic_string<char, std::char_traits<char>, std::allocator<char> >, json::utf8::JSONObject> > >::_M_deallocate(std::pair<std::__cxx11::basic_string<char, std::char_traits<char>, std::allocator<char> >, json::utf8::JSONObject>*, unsigned long)
 *fill*         0x00000000000156c5        0x1 
 .text._ZN9__gnu_cxx17__normal_iteratorIPKSt4pairINSt7__cxx1112basic_stringIcSt11char_traitsIcESaIcEEEN4json4utf810JSONObjectEESt6vectorISB_SaISB_EEEC2ERKSD_
                0x00000000000156c6       0x21 ./obj/TEST.o
                0x00000000000156c6                __gnu_cxx::__normal_iterator<std::pair<std::__cxx11::basic_string<char, std::char_traits<char>, std::allocator<char> >, json::utf8::JSONObject> const*, std::vector<std::pair<std::__cxx11::basic_string<char, std::char_traits<char>, std::allocator<char> >, json::utf8::JSONObject>, std::allocator<std::pair<std::__cxx11::basic_string<char, std::char_traits<char>, std::allocator<char> >, json::utf8::JSONObject> > > >::__normal_iterator(std::pair<std::__cxx11::basic_string<char, std::char_traits<char>, std::allocator<char> >, json::utf8::JSONObject> const* const&)
                0x00000000000156c6                __gnu_cxx::__normal_iterator<std::pair<std::__cxx11::basic_string<char, std::char_traits<char>, std::allocator<char> >, json::utf8::JSONObject> const*, std::vector<std::pair<std::__cxx11::basic_string<char, std::char_traits<char>, std::allocator<char> >, json::utf8::JSONObject>, std::allocator<std::pair<std::__cxx11::basic_string<char, std::char_traits<char>, std::allocator<char> >, json::utf8::JSONObject> > > >::__normal_iterator(std::pair<std::__cxx11::basic_string<char, std::char_traits<char>, std::allocator<char> >, json::utf8::JSONObject> const* const&)
 .text._ZSt18uninitialized_copyIN9__gnu_cxx17__normal_iteratorIPKSt4pairINSt7__cxx1112basic_stringIcSt11char_traitsIcESaIcEEEN4json4utf810JSONObjectEESt6vectorISC_SaISC_EEEEPSC_ET0_T_SL_SK_
                0x00000000000156e7       0x35 ./obj/TEST.o
                0x00000000000156e7                std::pair<std::__cxx11::basic_string<char, std::char_traits<char>, std::allocator<char> >, json::utf8::JSONObject>* std::uninitialized_copy<__gnu_cxx::__normal_iterator<std::pair<std::__cxx11::basic_string<char, std::char_traits<char>, std::allocator<char> >, json::utf8::JSONObject> const*, std::vector<std::pair<std::__cxx11::basic_string<char, std::char_traits<char>, std::allocator<char> >, json::utf8::JSONObject>, std::allocator<std::pair<std::__cxx11::basic_string<char, std::char_traits<char>, std::allocator<char> >, json::utf8::JSONObject> > > >, std::pair<std::__cxx11::basic_string<char, std::char_traits<char>, std::allocator<char> >, json::utf8::JSONObject>*>(__gnu_cxx::__normal_iterator<std::pair<std::__cxx11::basic_string<char, std::char_traits<char>, std::allocator<char> >, json::utf8::JSONObject> const*, std::vector<std::pair<std::__cxx11::basic_string<char, std::char_traits<char>, std::allocator<char> >, json::utf8::JSONObject>, std::allocator<std::pair<std::__cxx11::basic_string<char, std::char_traits<char>, std::allocator<char> >, json::utf8::JSONObject> > > >, __gnu_cxx::__normal_iterator<std::pair<std::__cxx11::basic_string<char, std::char_traits<char>, std::allocator<char> >, json::utf8::JSONObject> const*, std::vector<std::pair<std::__cxx11::basic_string<char, std::char_traits<char>, std::allocator<char> >, json::utf8::JSONObject>, std::allocator<std::pair<std::__cxx11::basic_string<char, std::char_traits<char>, std::allocator<char> >, json::utf8::JSONObject> > > >, std::pair<std::__cxx11::basic_string<char, std::char_traits<char>, std::allocator<char> >, json::utf8::JSONObject>*)
 .text._ZSt8_DestroyIPSt4pairINSt7__cxx1112basic_stringIcSt11char_traitsIcESaIcEEEN4json4utf810JSONObjectEEEvT_SC_
                0x000000000001571c       0x2a ./obj/TEST.o
                0x000000000001571c                void std::_Destroy<std::pair<std::__cxx11::basic_string<char, std::char_traits<char>, std::allocator<char> >, json::utf8::JSONObject>*>(std::pair<std::__cxx11::basic_string<char, std::char_traits<char>, std::allocator<char> >, json::utf8::JSONObject>*, std::pair<std::__cxx11::basic_string<char, std::char_traits<char>, std::allocator<char> >, json::utf8::JSONObject>*)
 .text._ZN9__gnu_cxx14__alloc_traitsISaISt13_Rb_tree_nodeISt4pairIKNSt7__cxx1112basic_stringIcSt11char_traitsIcESaIcEEESt6vectorIiSaIiEEEEESE_E17_S_select_on_copyERKSF_
                0x0000000000015746       0x50 ./obj/TEST.o
                0x0000000000015746                __gnu_cxx::__alloc_traits<std::allocator<std::_Rb_tree_node<std::pair<std::__cxx11::basic_string<char, std::char_traits<char>, std::allocator<char> > const, std::vector<int, std::allocator<int> > > > >, std::_Rb_tree_node<std::pair<std::__cxx11::basic_string<char, std::char_traits<char>, std::allocator<char> > const, std::vector<int, std::allocator<int> > > > >::_S_select_on_copy(std::allocator<std::_Rb_tree_node<std::pair<std::__cxx11::basic_string<char, std::char_traits<char>, std::allocator<char> > const, std::vector<int, std::allocator<int> > > > > const&)
 .text._ZNSaISt13_Rb_tree_nodeISt4pairIKNSt7__cxx1112basic_stringIcSt11char_traitsIcESaIcEEESt6vectorIiSaIiEEEEEC2ERKSD_
                0x0000000000015796       0x2a ./obj/TEST.o
                0x0000000000015796                std::allocator<std::_Rb_tree_node<std::pair<std::__cxx11::basic_string<char, std::char_traits<char>, std::allocator<char> > const, std::vector<int, std::allocator<int> > > > >::allocator(std::allocator<std::_Rb_tree_node<std::pair<std::__cxx11::basic_string<char, std::char_traits<char>, std::allocator<char> > const, std::vector<int, std::allocator<int> > > > > const&)
                0x0000000000015796                std::allocator<std::_Rb_tree_node<std::pair<std::__cxx11::basic_string<char, std::char_traits<char>, std::allocator<char> > const, std::vector<int, std::allocator<int> > > > >::allocator(std::allocator<std::_Rb_tree_node<std::pair<std::__cxx11::basic_string<char, std::char_traits<char>, std::allocator<char> > const, std::vector<int, std::allocator<int> > > > > const&)
 .text._ZNSt20_Rb_tree_key_compareISt4lessINSt7__cxx1112basic_stringIcSt11char_traitsIcESaIcEEEEEC2ERKS7_
                0x00000000000157c0       0x13 ./obj/TEST.o
                0x00000000000157c0                std::_Rb_tree_key_compare<std::less<std::__cxx11::basic_string<char, std::char_traits<char>, std::allocator<char> > > >::_Rb_tree_key_compare(std::less<std::__cxx11::basic_string<char, std::char_traits<char>, std::allocator<char> > > const&)
                0x00000000000157c0                std::_Rb_tree_key_compare<std::less<std::__cxx11::basic_string<char, std::char_traits<char>, std::allocator<char> > > >::_Rb_tree_key_compare(std::less<std::__cxx11::basic_string<char, std::char_traits<char>, std::allocator<char> > > const&)
 *fill*         0x00000000000157d3        0x1 
 .text._ZN9__gnu_cxx13new_allocatorISt13_Rb_tree_nodeISt4pairIKNSt7__cxx1112basic_stringIcSt11char_traitsIcESaIcEEESt6vectorIiSaIiEEEEED2Ev
                0x00000000000157d4        0xf ./obj/TEST.o
                0x00000000000157d4                __gnu_cxx::new_allocator<std::_Rb_tree_node<std::pair<std::__cxx11::basic_string<char, std::char_traits<char>, std::allocator<char> > const, std::vector<int, std::allocator<int> > > > >::~new_allocator()
                0x00000000000157d4                __gnu_cxx::new_allocator<std::_Rb_tree_node<std::pair<std::__cxx11::basic_string<char, std::char_traits<char>, std::allocator<char> > const, std::vector<int, std::allocator<int> > > > >::~new_allocator()
 *fill*         0x00000000000157e3        0x1 
 .text._ZNSt8_Rb_treeINSt7__cxx1112basic_stringIcSt11char_traitsIcESaIcEEESt4pairIKS5_St6vectorIiSaIiEEESt10_Select1stISB_ESt4lessIS5_ESaISB_EE11_Alloc_nodeC2ERSH_
                0x00000000000157e4       0x1e ./obj/TEST.o
                0x00000000000157e4                std::_Rb_tree<std::__cxx11::basic_string<char, std::char_traits<char>, std::allocator<char> >, std::pair<std::__cxx11::basic_string<char, std::char_traits<char>, std::allocator<char> > const, std::vector<int, std::allocator<int> > >, std::_Select1st<std::pair<std::__cxx11::basic_string<char, std::char_traits<char>, std::allocator<char> > const, std::vector<int, std::allocator<int> > > >, std::less<std::__cxx11::basic_string<char, std::char_traits<char>, std::allocator<char> > >, std::allocator<std::pair<std::__cxx11::basic_string<char, std::char_traits<char>, std::allocator<char> > const, std::vector<int, std::allocator<int> > > > >::_Alloc_node::_Alloc_node(std::_Rb_tree<std::__cxx11::basic_string<char, std::char_traits<char>, std::allocator<char> >, std::pair<std::__cxx11::basic_string<char, std::char_traits<char>, std::allocator<char> > const, std::vector<int, std::allocator<int> > >, std::_Select1st<std::pair<std::__cxx11::basic_string<char, std::char_traits<char>, std::allocator<char> > const, std::vector<int, std::allocator<int> > > >, std::less<std::__cxx11::basic_string<char, std::char_traits<char>, std::allocator<char> > >, std::allocator<std::pair<std::__cxx11::basic_string<char, std::char_traits<char>, std::allocator<char> > const, std::vector<int, std::allocator<int> > > > >&)
                0x00000000000157e4                std::_Rb_tree<std::__cxx11::basic_string<char, std::char_traits<char>, std::allocator<char> >, std::pair<std::__cxx11::basic_string<char, std::char_traits<char>, std::allocator<char> > const, std::vector<int, std::allocator<int> > >, std::_Select1st<std::pair<std::__cxx11::basic_string<char, std::char_traits<char>, std::allocator<char> > const, std::vector<int, std::allocator<int> > > >, std::less<std::__cxx11::basic_string<char, std::char_traits<char>, std::allocator<char> > >, std::allocator<std::pair<std::__cxx11::basic_string<char, std::char_traits<char>, std::allocator<char> > const, std::vector<int, std::allocator<int> > > > >::_Alloc_node::_Alloc_node(std::_Rb_tree<std::__cxx11::basic_string<char, std::char_traits<char>, std::allocator<char> >, std::pair<std::__cxx11::basic_string<char, std::char_traits<char>, std::allocator<char> > const, std::vector<int, std::allocator<int> > >, std::_Select1st<std::pair<std::__cxx11::basic_string<char, std::char_traits<char>, std::allocator<char> > const, std::vector<int, std::allocator<int> > > >, std::less<std::__cxx11::basic_string<char, std::char_traits<char>, std::allocator<char> > >, std::allocator<std::pair<std::__cxx11::basic_string<char, std::char_traits<char>, std::allocator<char> > const, std::vector<int, std::allocator<int> > > > >&)
 .text._ZNSt8_Rb_treeINSt7__cxx1112basic_stringIcSt11char_traitsIcESaIcEEESt4pairIKS5_St6vectorIiSaIiEEESt10_Select1stISB_ESt4lessIS5_ESaISB_EE7_M_copyINSH_11_Alloc_nodeEEEPSt13_Rb_tree_nodeISB_ERKSH_RT_
                0x0000000000015802       0xa8 ./obj/TEST.o
                0x0000000000015802                std::_Rb_tree_node<std::pair<std::__cxx11::basic_string<char, std::char_traits<char>, std::allocator<char> > const, std::vector<int, std::allocator<int> > > >* std::_Rb_tree<std::__cxx11::basic_string<char, std::char_traits<char>, std::allocator<char> >, std::pair<std::__cxx11::basic_string<char, std::char_traits<char>, std::allocator<char> > const, std::vector<int, std::allocator<int> > >, std::_Select1st<std::pair<std::__cxx11::basic_string<char, std::char_traits<char>, std::allocator<char> > const, std::vector<int, std::allocator<int> > > >, std::less<std::__cxx11::basic_string<char, std::char_traits<char>, std::allocator<char> > >, std::allocator<std::pair<std::__cxx11::basic_string<char, std::char_traits<char>, std::allocator<char> > const, std::vector<int, std::allocator<int> > > > >::_M_copy<std::_Rb_tree<std::__cxx11::basic_string<char, std::char_traits<char>, std::allocator<char> >, std::pair<std::__cxx11::basic_string<char, std::char_traits<char>, std::allocator<char> > const, std::vector<int, std::allocator<int> > >, std::_Select1st<std::pair<std::__cxx11::basic_string<char, std::char_traits<char>, std::allocator<char> > const, std::vector<int, std::allocator<int> > > >, std::less<std::__cxx11::basic_string<char, std::char_traits<char>, std::allocator<char> > >, std::allocator<std::pair<std::__cxx11::basic_string<char, std::char_traits<char>, std::allocator<char> > const, std::vector<int, std::allocator<int> > > > >::_Alloc_node>(std::_Rb_tree<std::__cxx11::basic_string<char, std::char_traits<char>, std::allocator<char> >, std::pair<std::__cxx11::basic_string<char, std::char_traits<char>, std::allocator<char> > const, std::vector<int, std::allocator<int> > >, std::_Select1st<std::pair<std::__cxx11::basic_string<char, std::char_traits<char>, std::allocator<char> > const, std::vector<int, std::allocator<int> > > >, std::less<std::__cxx11::basic_string<char, std::char_traits<char>, std::allocator<char> > >, std::allocator<std::pair<std::__cxx11::basic_string<char, std::char_traits<char>, std::allocator<char> > const, std::vector<int, std::allocator<int> > > > > const&, std::_Rb_tree<std::__cxx11::basic_string<char, std::char_traits<char>, std::allocator<char> >, std::pair<std::__cxx11::basic_string<char, std::char_traits<char>, std::allocator<char> > const, std::vector<int, std::allocator<int> > >, std::_Select1st<std::pair<std::__cxx11::basic_string<char, std::char_traits<char>, std::allocator<char> > const, std::vector<int, std::allocator<int> > > >, std::less<std::__cxx11::basic_string<char, std::char_traits<char>, std::allocator<char> > >, std::allocator<std::pair<std::__cxx11::basic_string<char, std::char_traits<char>, std::allocator<char> > const, std::vector<int, std::allocator<int> > > > >::_Alloc_node&)
 .text._ZNSt8_Rb_treeINSt7__cxx1112basic_stringIcSt11char_traitsIcESaIcEEESt4pairIKS5_St6vectorIiSaIiEEESt10_Select1stISB_ESt4lessIS5_ESaISB_EE8_S_rightEPSt18_Rb_tree_node_base
                0x00000000000158aa       0x16 ./obj/TEST.o
                0x00000000000158aa                std::_Rb_tree<std::__cxx11::basic_string<char, std::char_traits<char>, std::allocator<char> >, std::pair<std::__cxx11::basic_string<char, std::char_traits<char>, std::allocator<char> > const, std::vector<int, std::allocator<int> > >, std::_Select1st<std::pair<std::__cxx11::basic_string<char, std::char_traits<char>, std::allocator<char> > const, std::vector<int, std::allocator<int> > > >, std::less<std::__cxx11::basic_string<char, std::char_traits<char>, std::allocator<char> > >, std::allocator<std::pair<std::__cxx11::basic_string<char, std::char_traits<char>, std::allocator<char> > const, std::vector<int, std::allocator<int> > > > >::_S_right(std::_Rb_tree_node_base*)
 .text._ZNSt8_Rb_treeINSt7__cxx1112basic_stringIcSt11char_traitsIcESaIcEEESt4pairIKS5_St6vectorIiSaIiEEESt10_Select1stISB_ESt4lessIS5_ESaISB_EE7_S_leftEPSt18_Rb_tree_node_base
                0x00000000000158c0       0x16 ./obj/TEST.o
                0x00000000000158c0                std::_Rb_tree<std::__cxx11::basic_string<char, std::char_traits<char>, std::allocator<char> >, std::pair<std::__cxx11::basic_string<char, std::char_traits<char>, std::allocator<char> > const, std::vector<int, std::allocator<int> > >, std::_Select1st<std::pair<std::__cxx11::basic_string<char, std::char_traits<char>, std::allocator<char> > const, std::vector<int, std::allocator<int> > > >, std::less<std::__cxx11::basic_string<char, std::char_traits<char>, std::allocator<char> > >, std::allocator<std::pair<std::__cxx11::basic_string<char, std::char_traits<char>, std::allocator<char> > const, std::vector<int, std::allocator<int> > > > >::_S_left(std::_Rb_tree_node_base*)
 .text._ZNSt8_Rb_treeINSt7__cxx1112basic_stringIcSt11char_traitsIcESaIcEEESt4pairIKS5_St6vectorIiSaIiEEESt10_Select1stISB_ESt4lessIS5_ESaISB_EE12_M_drop_nodeEPSt13_Rb_tree_nodeISB_E
                0x00000000000158d6       0x3d ./obj/TEST.o
                0x00000000000158d6                std::_Rb_tree<std::__cxx11::basic_string<char, std::char_traits<char>, std::allocator<char> >, std::pair<std::__cxx11::basic_string<char, std::char_traits<char>, std::allocator<char> > const, std::vector<int, std::allocator<int> > >, std::_Select1st<std::pair<std::__cxx11::basic_string<char, std::char_traits<char>, std::allocator<char> > const, std::vector<int, std::allocator<int> > > >, std::less<std::__cxx11::basic_string<char, std::char_traits<char>, std::allocator<char> > >, std::allocator<std::pair<std::__cxx11::basic_string<char, std::char_traits<char>, std::allocator<char> > const, std::vector<int, std::allocator<int> > > > >::_M_drop_node(std::_Rb_tree_node<std::pair<std::__cxx11::basic_string<char, std::char_traits<char>, std::allocator<char> > const, std::vector<int, std::allocator<int> > > >*)
 *fill*         0x0000000000015913        0x1 
 .text._ZNSaISt4pairINSt7__cxx1112basic_stringIcSt11char_traitsIcESaIcEEEN4json4utf810JSONObjectEEEC2ERKSA_
                0x0000000000015914       0x2a ./obj/TEST.o
                0x0000000000015914                std::allocator<std::pair<std::__cxx11::basic_string<char, std::char_traits<char>, std::allocator<char> >, json::utf8::JSONObject> >::allocator(std::allocator<std::pair<std::__cxx11::basic_string<char, std::char_traits<char>, std::allocator<char> >, json::utf8::JSONObject> > const&)
                0x0000000000015914                std::allocator<std::pair<std::__cxx11::basic_string<char, std::char_traits<char>, std::allocator<char> >, json::utf8::JSONObject> >::allocator(std::allocator<std::pair<std::__cxx11::basic_string<char, std::char_traits<char>, std::allocator<char> >, json::utf8::JSONObject> > const&)
 .text._ZNSt12_Vector_baseISt4pairINSt7__cxx1112basic_stringIcSt11char_traitsIcESaIcEEEN4json4utf810JSONObjectEESaISA_EE17_Vector_impl_dataC2Ev
                0x000000000001593e       0x32 ./obj/TEST.o
                0x000000000001593e                std::_Vector_base<std::pair<std::__cxx11::basic_string<char, std::char_traits<char>, std::allocator<char> >, json::utf8::JSONObject>, std::allocator<std::pair<std::__cxx11::basic_string<char, std::char_traits<char>, std::allocator<char> >, json::utf8::JSONObject> > >::_Vector_impl_data::_Vector_impl_data()
                0x000000000001593e                std::_Vector_base<std::pair<std::__cxx11::basic_string<char, std::char_traits<char>, std::allocator<char> >, json::utf8::JSONObject>, std::allocator<std::pair<std::__cxx11::basic_string<char, std::char_traits<char>, std::allocator<char> >, json::utf8::JSONObject> > >::_Vector_impl_data::_Vector_impl_data()
 .text._ZNSt12_Vector_baseISt4pairINSt7__cxx1112basic_stringIcSt11char_traitsIcESaIcEEEN4json4utf810JSONObjectEESaISA_EE11_M_allocateEm
                0x0000000000015970       0x37 ./obj/TEST.o
                0x0000000000015970                std::_Vector_base<std::pair<std::__cxx11::basic_string<char, std::char_traits<char>, std::allocator<char> >, json::utf8::JSONObject>, std::allocator<std::pair<std::__cxx11::basic_string<char, std::char_traits<char>, std::allocator<char> >, json::utf8::JSONObject> > >::_M_allocate(unsigned long)
 .text._ZNSt16allocator_traitsISaISt4pairINSt7__cxx1112basic_stringIcSt11char_traitsIcESaIcEEEN4json4utf810JSONObjectEEEE10deallocateERSB_PSA_m
                0x00000000000159a7       0x32 ./obj/TEST.o
                0x00000000000159a7                std::allocator_traits<std::allocator<std::pair<std::__cxx11::basic_string<char, std::char_traits<char>, std::allocator<char> >, json::utf8::JSONObject> > >::deallocate(std::allocator<std::pair<std::__cxx11::basic_string<char, std::char_traits<char>, std::allocator<char> >, json::utf8::JSONObject> >&, std::pair<std::__cxx11::basic_string<char, std::char_traits<char>, std::allocator<char> >, json::utf8::JSONObject>*, unsigned long)
 .text._ZNSt20__uninitialized_copyILb0EE13__uninit_copyIN9__gnu_cxx17__normal_iteratorIPKSt4pairINSt7__cxx1112basic_stringIcSt11char_traitsIcESaIcEEEN4json4utf810JSONObjectEESt6vectorISE_SaISE_EEEEPSE_EET0_T_SN_SM_
                0x00000000000159d9       0xbc ./obj/TEST.o
                0x00000000000159d9                std::pair<std::__cxx11::basic_string<char, std::char_traits<char>, std::allocator<char> >, json::utf8::JSONObject>* std::__uninitialized_copy<false>::__uninit_copy<__gnu_cxx::__normal_iterator<std::pair<std::__cxx11::basic_string<char, std::char_traits<char>, std::allocator<char> >, json::utf8::JSONObject> const*, std::vector<std::pair<std::__cxx11::basic_string<char, std::char_traits<char>, std::allocator<char> >, json::utf8::JSONObject>, std::allocator<std::pair<std::__cxx11::basic_string<char, std::char_traits<char>, std::allocator<char> >, json::utf8::JSONObject> > > >, std::pair<std::__cxx11::basic_string<char, std::char_traits<char>, std::allocator<char> >, json::utf8::JSONObject>*>(__gnu_cxx::__normal_iterator<std::pair<std::__cxx11::basic_string<char, std::char_traits<char>, std::allocator<char> >, json::utf8::JSONObject> const*, std::vector<std::pair<std::__cxx11::basic_string<char, std::char_traits<char>, std::allocator<char> >, json::utf8::JSONObject>, std::allocator<std::pair<std::__cxx11::basic_string<char, std::char_traits<char>, std::allocator<char> >, json::utf8::JSONObject> > > >, __gnu_cxx::__normal_iterator<std::pair<std::__cxx11::basic_string<char, std::char_traits<char>, std::allocator<char> >, json::utf8::JSONObject> const*, std::vector<std::pair<std::__cxx11::basic_string<char, std::char_traits<char>, std::allocator<char> >, json::utf8::JSONObject>, std::allocator<std::pair<std::__cxx11::basic_string<char, std::char_traits<char>, std::allocator<char> >, json::utf8::JSONObject> > > >, std::pair<std::__cxx11::basic_string<char, std::char_traits<char>, std::allocator<char> >, json::utf8::JSONObject>*)
 .text._ZNSt12_Destroy_auxILb0EE9__destroyIPSt4pairINSt7__cxx1112basic_stringIcSt11char_traitsIcESaIcEEEN4json4utf810JSONObjectEEEEvT_SE_
                0x0000000000015a95       0x3f ./obj/TEST.o
                0x0000000000015a95                void std::_Destroy_aux<false>::__destroy<std::pair<std::__cxx11::basic_string<char, std::char_traits<char>, std::allocator<char> >, json::utf8::JSONObject>*>(std::pair<std::__cxx11::basic_string<char, std::char_traits<char>, std::allocator<char> >, json::utf8::JSONObject>*, std::pair<std::__cxx11::basic_string<char, std::char_traits<char>, std::allocator<char> >, json::utf8::JSONObject>*)
 .text._ZNSt16allocator_traitsISaISt13_Rb_tree_nodeISt4pairIKNSt7__cxx1112basic_stringIcSt11char_traitsIcESaIcEEESt6vectorIiSaIiEEEEEE37select_on_container_copy_constructionERKSE_
                0x0000000000015ad4       0x2d ./obj/TEST.o
                0x0000000000015ad4                std::allocator_traits<std::allocator<std::_Rb_tree_node<std::pair<std::__cxx11::basic_string<char, std::char_traits<char>, std::allocator<char> > const, std::vector<int, std::allocator<int> > > > > >::select_on_container_copy_construction(std::allocator<std::_Rb_tree_node<std::pair<std::__cxx11::basic_string<char, std::char_traits<char>, std::allocator<char> > const, std::vector<int, std::allocator<int> > > > > const&)
 *fill*         0x0000000000015b01        0x1 
 .text._ZN9__gnu_cxx13new_allocatorISt13_Rb_tree_nodeISt4pairIKNSt7__cxx1112basic_stringIcSt11char_traitsIcESaIcEEESt6vectorIiSaIiEEEEEC2ERKSF_
                0x0000000000015b02       0x13 ./obj/TEST.o
                0x0000000000015b02                __gnu_cxx::new_allocator<std::_Rb_tree_node<std::pair<std::__cxx11::basic_string<char, std::char_traits<char>, std::allocator<char> > const, std::vector<int, std::allocator<int> > > > >::new_allocator(__gnu_cxx::new_allocator<std::_Rb_tree_node<std::pair<std::__cxx11::basic_string<char, std::char_traits<char>, std::allocator<char> > const, std::vector<int, std::allocator<int> > > > > const&)
                0x0000000000015b02                __gnu_cxx::new_allocator<std::_Rb_tree_node<std::pair<std::__cxx11::basic_string<char, std::char_traits<char>, std::allocator<char> > const, std::vector<int, std::allocator<int> > > > >::new_allocator(__gnu_cxx::new_allocator<std::_Rb_tree_node<std::pair<std::__cxx11::basic_string<char, std::char_traits<char>, std::allocator<char> > const, std::vector<int, std::allocator<int> > > > > const&)
 *fill*         0x0000000000015b15        0x1 
 .text._ZNKSt8_Rb_treeINSt7__cxx1112basic_stringIcSt11char_traitsIcESaIcEEESt4pairIKS5_St6vectorIiSaIiEEESt10_Select1stISB_ESt4lessIS5_ESaISB_EE8_M_beginEv
                0x0000000000015b16       0x16 ./obj/TEST.o
                0x0000000000015b16                std::_Rb_tree<std::__cxx11::basic_string<char, std::char_traits<char>, std::allocator<char> >, std::pair<std::__cxx11::basic_string<char, std::char_traits<char>, std::allocator<char> > const, std::vector<int, std::allocator<int> > >, std::_Select1st<std::pair<std::__cxx11::basic_string<char, std::char_traits<char>, std::allocator<char> > const, std::vector<int, std::allocator<int> > > >, std::less<std::__cxx11::basic_string<char, std::char_traits<char>, std::allocator<char> > >, std::allocator<std::pair<std::__cxx11::basic_string<char, std::char_traits<char>, std::allocator<char> > const, std::vector<int, std::allocator<int> > > > >::_M_begin() const
 .text._ZNSt8_Rb_treeINSt7__cxx1112basic_stringIcSt11char_traitsIcESaIcEEESt4pairIKS5_St6vectorIiSaIiEEESt10_Select1stISB_ESt4lessIS5_ESaISB_EE6_M_endEv
                0x0000000000015b2c       0x16 ./obj/TEST.o
                0x0000000000015b2c                std::_Rb_tree<std::__cxx11::basic_string<char, std::char_traits<char>, std::allocator<char> >, std::pair<std::__cxx11::basic_string<char, std::char_traits<char>, std::allocator<char> > const, std::vector<int, std::allocator<int> > >, std::_Select1st<std::pair<std::__cxx11::basic_string<char, std::char_traits<char>, std::allocator<char> > const, std::vector<int, std::allocator<int> > > >, std::less<std::__cxx11::basic_string<char, std::char_traits<char>, std::allocator<char> > >, std::allocator<std::pair<std::__cxx11::basic_string<char, std::char_traits<char>, std::allocator<char> > const, std::vector<int, std::allocator<int> > > > >::_M_end()
 .text._ZNSt8_Rb_treeINSt7__cxx1112basic_stringIcSt11char_traitsIcESaIcEEESt4pairIKS5_St6vectorIiSaIiEEESt10_Select1stISB_ESt4lessIS5_ESaISB_EE7_M_copyINSH_11_Alloc_nodeEEEPSt13_Rb_tree_nodeISB_EPKSL_PSt18_Rb_tree_node_baseRT_
                0x0000000000015b42      0x16f ./obj/TEST.o
                0x0000000000015b42                std::_Rb_tree_node<std::pair<std::__cxx11::basic_string<char, std::char_traits<char>, std::allocator<char> > const, std::vector<int, std::allocator<int> > > >* std::_Rb_tree<std::__cxx11::basic_string<char, std::char_traits<char>, std::allocator<char> >, std::pair<std::__cxx11::basic_string<char, std::char_traits<char>, std::allocator<char> > const, std::vector<int, std::allocator<int> > >, std::_Select1st<std::pair<std::__cxx11::basic_string<char, std::char_traits<char>, std::allocator<char> > const, std::vector<int, std::allocator<int> > > >, std::less<std::__cxx11::basic_string<char, std::char_traits<char>, std::allocator<char> > >, std::allocator<std::pair<std::__cxx11::basic_string<char, std::char_traits<char>, std::allocator<char> > const, std::vector<int, std::allocator<int> > > > >::_M_copy<std::_Rb_tree<std::__cxx11::basic_string<char, std::char_traits<char>, std::allocator<char> >, std::pair<std::__cxx11::basic_string<char, std::char_traits<char>, std::allocator<char> > const, std::vector<int, std::allocator<int> > >, std::_Select1st<std::pair<std::__cxx11::basic_string<char, std::char_traits<char>, std::allocator<char> > const, std::vector<int, std::allocator<int> > > >, std::less<std::__cxx11::basic_string<char, std::char_traits<char>, std::allocator<char> > >, std::allocator<std::pair<std::__cxx11::basic_string<char, std::char_traits<char>, std::allocator<char> > const, std::vector<int, std::allocator<int> > > > >::_Alloc_node>(std::_Rb_tree_node<std::pair<std::__cxx11::basic_string<char, std::char_traits<char>, std::allocator<char> > const, std::vector<int, std::allocator<int> > > > const*, std::_Rb_tree_node_base*, std::_Rb_tree<std::__cxx11::basic_string<char, std::char_traits<char>, std::allocator<char> >, std::pair<std::__cxx11::basic_string<char, std::char_traits<char>, std::allocator<char> > const, std::vector<int, std::allocator<int> > >, std::_Select1st<std::pair<std::__cxx11::basic_string<char, std::char_traits<char>, std::allocator<char> > const, std::vector<int, std::allocator<int> > > >, std::less<std::__cxx11::basic_string<char, std::char_traits<char>, std::allocator<char> > >, std::allocator<std::pair<std::__cxx11::basic_string<char, std::char_traits<char>, std::allocator<char> > const, std::vector<int, std::allocator<int> > > > >::_Alloc_node&)
 *fill*         0x0000000000015cb1        0x1 
 .text._ZNSt8_Rb_treeINSt7__cxx1112basic_stringIcSt11char_traitsIcESaIcEEESt4pairIKS5_St6vectorIiSaIiEEESt10_Select1stISB_ESt4lessIS5_ESaISB_EE11_M_leftmostEv
                0x0000000000015cb2       0x16 ./obj/TEST.o
                0x0000000000015cb2                std::_Rb_tree<std::__cxx11::basic_string<char, std::char_traits<char>, std::allocator<char> >, std::pair<std::__cxx11::basic_string<char, std::char_traits<char>, std::allocator<char> > const, std::vector<int, std::allocator<int> > >, std::_Select1st<std::pair<std::__cxx11::basic_string<char, std::char_traits<char>, std::allocator<char> > const, std::vector<int, std::allocator<int> > > >, std::less<std::__cxx11::basic_string<char, std::char_traits<char>, std::allocator<char> > >, std::allocator<std::pair<std::__cxx11::basic_string<char, std::char_traits<char>, std::allocator<char> > const, std::vector<int, std::allocator<int> > > > >::_M_leftmost()
 .text._ZNSt8_Rb_treeINSt7__cxx1112basic_stringIcSt11char_traitsIcESaIcEEESt4pairIKS5_St6vectorIiSaIiEEESt10_Select1stISB_ESt4lessIS5_ESaISB_EE10_S_minimumEPSt18_Rb_tree_node_base
                0x0000000000015cc8       0x1e ./obj/TEST.o
                0x0000000000015cc8                std::_Rb_tree<std::__cxx11::basic_string<char, std::char_traits<char>, std::allocator<char> >, std::pair<std::__cxx11::basic_string<char, std::char_traits<char>, std::allocator<char> > const, std::vector<int, std::allocator<int> > >, std::_Select1st<std::pair<std::__cxx11::basic_string<char, std::char_traits<char>, std::allocator<char> > const, std::vector<int, std::allocator<int> > > >, std::less<std::__cxx11::basic_string<char, std::char_traits<char>, std::allocator<char> > >, std::allocator<std::pair<std::__cxx11::basic_string<char, std::char_traits<char>, std::allocator<char> > const, std::vector<int, std::allocator<int> > > > >::_S_minimum(std::_Rb_tree_node_base*)
 .text._ZNSt8_Rb_treeINSt7__cxx1112basic_stringIcSt11char_traitsIcESaIcEEESt4pairIKS5_St6vectorIiSaIiEEESt10_Select1stISB_ESt4lessIS5_ESaISB_EE12_M_rightmostEv
                0x0000000000015ce6       0x16 ./obj/TEST.o